Microchip MPLAB XC8 Compiler V1.45 ()

Linker command line:

--edf=C:\Program Files (x86)\Microchip\xc8\v1.45\dat\en_msgs.txt -cs \
  -h+dist/default/debug\TP1_CHAT.X.debug.sym \
  --cmf=dist/default/debug\TP1_CHAT.X.debug.cmf -z -Q18F46J50 \
  -oC:\Users\tpeea\AppData\Local\Temp\s7l0.2 \
  -Mdist/default/debug/TP1_CHAT.X.debug.map -E1 -ver=XC8 \
  -ASTACK=038Ch-0ebfh -pstack=STACK -ACODE=00h-0FFF7h -ACONST=00h-0FFF7h \
  -ASMALLCONST=0F00h-0FFFhx240,0FF00h-0FFF7h -AMEDIUMCONST=0F00h-0FFF7h \
  -ACOMRAM=01h-05Fh -AABS1=00h-0EBFh -ABIGRAM=01h-0EBFh \
  -ARAM=060h-0FFh,0100h-01FFhx13,0E00h-0EBFh -ABANK0=060h-0FFh \
  -ABANK1=0100h-01FFh -ABANK2=0200h-02FFh -ABANK3=0300h-03FFh \
  -ABANK4=0400h-04FFh -ABANK5=0500h-05FFh -ABANK6=0600h-06FFh \
  -ABANK7=0700h-07FFh -ABANK8=0800h-08FFh -ABANK9=0900h-09FFh \
  -ABANK10=0A00h-0AFFh -ABANK11=0B00h-0BFFh -ABANK12=0C00h-0CFFh \
  -ABANK13=0D00h-0DFFh -ABANK14=0E00h-0EBFh \
  -ASFR=0EC0h-0EFFh,0F00h-0F5Fh,0F60h-0FFCh \
  -preset_vec=00h,intcode=08h,intcodelo,powerup,init -pramtop=0F00h \
  -psmallconst=SMALLCONST -pmediumconst=MEDIUMCONST -pconst=CONST \
  -AFARRAM=00h-00h -ACONFIG=0FFF8h-0FFFFh -pconfig=CONFIG \
  -pjflash_buffer=0F800h \
  -prdata=COMRAM,nvrram=COMRAM,nvbit=COMRAM,rbss=COMRAM,rbit=COMRAM \
  -pfarbss=FARRAM,fardata=FARRAM,nvFARRAM=FARRAM \
  -pintsave_regs=BIGRAM,bigbss=BIGRAM,bigdata=BIGRAM -pbss=RAM \
  -pidata=CODE,irdata=CODE,ibigdata=CODE,ifardata=CODE -prparam=COMRAM \
  C:\Users\tpeea\AppData\Local\Temp\s7l0.obj \
  dist/default/debug\TP1_CHAT.X.debug.obj 

Object code version is 3.11

Machine type is 18F46J50

Call graph: (short form)




                Name                               Link     Load   Length Selector   Space Scale
C:\Users\tpeea\AppData\Local\Temp\s7l0.obj
                init                                212      212        4        4       0
                reset_vec                             0        0        6        0       0
                config                             FFF8     FFF8        8     FFF8       0
dist/default/debug\TP1_CHAT.X.debug.obj
                intcode                               8        8      20A        4       0
                temp                                 5E       5E        1        1       1
                smallconst                          F00      F00       A6      780       0
                text13                             12AC     12AC       1A      7D3       0
                text12                             1318     1318        A      7D3       0
                text11                             11BA     11BA       52      7D3       0
                text10                             125A     125A       2A      7D3       0
                text9                              1284     1284       28      7D3       0
                text8                              1164     1164       56      7D3       0
                text7                              1056     1056       8C      7D3       0
                text6                               FA6      FA6       B0      7D3       0
                text5                              12DE     12DE       18      7D3       0
                text3                              130A     130A        E      7D3       0
                text2                              120C     120C       4E      7D3       0
                text1                              12C6     12C6       18      7D3       0
                text0                              12F6     12F6       14      7D3       0
                cstackCOMRAM                          1        1       2E        1       1
                cstackBANK0                          F2       F2        7       60       1
                bssBANK3                            300      300       8C      300       1
                bssBANK2                            200      200       A0      200       1
                bssBANK1                            100      100       9C      100       1
                dataBANK0                            E9       E9        9       60       1
                bssBANK0                             60       60       89       60       1
                dataCOMRAM                           5C       5C        2        1       1
                bssCOMRAM                            2F       2F       2D        1       1
                cinit                              10E2     10E2       82      7D3       0
                idataBANK0                         1322     1322        9      7D3       0
                idataCOMRAM                        132B     132B        2      7D3       0

TOTAL           Name                               Link     Load   Length     Space
        CLASS   STACK          

        CLASS   CODE           
                intcode                               8        8      20A         0
                init                                212      212        4         0
                reset_vec                             0        0        6         0
                text13                             12AC     12AC       1A         0
                text12                             1318     1318        A         0
                text11                             11BA     11BA       52         0
                text10                             125A     125A       2A         0
                text9                              1284     1284       28         0
                text8                              1164     1164       56         0
                text7                              1056     1056       8C         0
                text6                               FA6      FA6       B0         0
                text5                              12DE     12DE       18         0
                text3                              130A     130A        E         0
                text2                              120C     120C       4E         0
                text1                              12C6     12C6       18         0
                text0                              12F6     12F6       14         0
                cinit                              10E2     10E2       82         0
                idataBANK0                         1322     1322        9         0
                idataCOMRAM                        132B     132B        2         0

        CLASS   CONST          

        CLASS   SMALLCONST     
                smallconst                          F00      F00       A6         0

        CLASS   MEDIUMCONST    

        CLASS   COMRAM         
                temp                                 5E       5E        1         1
                cstackCOMRAM                          1        1       2E         1
                dataCOMRAM                           5C       5C        2         1
                bssCOMRAM                            2F       2F       2D         1

        CLASS   ABS1           

        CLASS   BIGRAM         

        CLASS   RAM            

        CLASS   BANK0          
                cstackBANK0                          F2       F2        7         1
                dataBANK0                            E9       E9        9         1
                bssBANK0                             60       60       89         1

        CLASS   BANK1          
                bssBANK1                            100      100       9C         1

        CLASS   BANK2          
                bssBANK2                            200      200       A0         1

        CLASS   BANK3          
                bssBANK3                            300      300       8C         1

        CLASS   BANK4          

        CLASS   BANK5          

        CLASS   BANK6          

        CLASS   BANK7          

        CLASS   BANK8          

        CLASS   BANK9          

        CLASS   BANK10         

        CLASS   BANK11         

        CLASS   BANK12         

        CLASS   BANK13         

        CLASS   BANK14         

        CLASS   SFR            

        CLASS   FARRAM         

        CLASS   CONFIG         
                config                             FFF8     FFF8        8         0

        CLASS   IDLOC          



SEGMENTS        Name                           Load    Length   Top    Selector   Space  Class

                reset_vec                      000000  000006  000006         0       0  CODE    
                cstackCOMRAM                   000001  00005E  00005F         1       1  COMRAM  
                intcode                        000008  00020E  000216         4       0  CODE    
                bssBANK0                       000060  000099  0000F9        60       1  BANK0   
                bssBANK1                       000100  00009C  00019C       100       1  BANK1   
                bssBANK2                       000200  0000A0  0002A0       200       1  BANK2   
                bssBANK3                       000300  00008C  00038C       300       1  BANK3   
                smallconst                     000F00  0000A6  000FA6       780       0  SMALLCON
                text6                          000FA6  000387  00132D       7D3       0  CODE    
                config                         00FFF8  000008  010000      FFF8       0  CONFIG  


UNUSED ADDRESS RANGES

        Name                Unused          Largest block    Delta
        BANK0            000F9-000FF               7
        BANK1            0019C-001FF              64
        BANK10           00A00-00AFF             100
        BANK11           00B00-00BFF             100
        BANK12           00C00-00CFF             100
        BANK13           00D00-00DFF             100
        BANK14           00E00-00EBF              C0
        BANK2            002A0-002FF              60
        BANK3            0038C-003FF              74
        BANK4            00400-004FF             100
        BANK5            00500-005FF             100
        BANK6            00600-006FF             100
        BANK7            00700-007FF             100
        BANK8            00800-008FF             100
        BANK9            00900-009FF             100
        BIGRAM           0005F-0005F               1
                         000F9-000FF               7
                         0019C-001FF              64
                         002A0-002FF              60
                         0038C-00EBF             B34
        CODE             00006-00007               2
                         00216-00EFF             CEA
                         0132D-0FFF7            ECCB
        COMRAM           0005F-0005F               1
        CONST            00006-00007               2
                         00216-00EFF             CEA
                         0132D-0FFF7            ECCB
        MEDIUMCONST      0132D-0FFF7            ECCB
        RAM              000F9-000FF               7
                         0019C-001FF              64
                         002A0-002FF              60
                         0038C-00EBF             100
        SFR              00EC0-00FFC              60
        SMALLCONST       0132D-0FFF7             100
        STACK            0038C-00EBF             B34

                                  Symbol Table

?___lmul                              cstackCOMRAM  00001
DELAY_ms@cyclesRequiredForEntireDelay cstackCOMRAM  0000F
DELAY_ms@ms                           cstackCOMRAM  0000D
PHYGetLongRAMAddr@address             cstackCOMRAM  00003
PHYGetLongRAMAddr@tmpRFIE             cstackCOMRAM  00008
PHYGetLongRAMAddr@toReturn            cstackCOMRAM  00007
PHYGetShortRAMAddr@address            cstackCOMRAM  00003
PHYGetShortRAMAddr@tmpRFIE            cstackCOMRAM  00005
PHYGetShortRAMAddr@toReturn           cstackCOMRAM  00004
PHYSetShortRAMAddr@address            cstackCOMRAM  00004
PHYSetShortRAMAddr@tmpRFIE            cstackCOMRAM  00005
PHYSetShortRAMAddr@value              cstackCOMRAM  00003
SPIPut@i                              cstackCOMRAM  00001
SPIPut@v                              cstackCOMRAM  00002
_ANCON0                               (abs)         00F48
_ANCON1                               (abs)         00F49
_AcknowledgementAddr                  bssBANK0      00093
_AcknowledgementSeq                   dataBANK0     000E9
_ActiveScanResultIndex                bssCOMRAM     0004A
_ActiveScanResults                    bssBANK3      00300
_BAUDCON1bits                         (abs)         00F7E
_BankIndex                            dataCOMRAM    0005C
_BroadcastRecords                     bssBANK1      00100
_CommandLen                           bssCOMRAM     00050
_CommandPtr                           bssCOMRAM     0004E
_ConnMode                             bssCOMRAM     0004B
_ConnectionTable                      bssBANK1      00120
_DELAY_ms                             text7         01056
_EECON2                               (abs)         00FA7
_I2CTask                              text6         00FA6
_IEEESeqNum                           bssBANK0      00096
_INTCON                               (abs)         00FF2
_INTCON2bits                          (abs)         00FF1
_INTCON3bits                          (abs)         00FF0
_INTCONbits                           (abs)         00FF2
_LATA                                 (abs)         00F89
_LATB                                 (abs)         00F8A
_LATBbits                             (abs)         00F8A
_LATCbits                             (abs)         00F8B
_LATD                                 (abs)         00F8C
_LATDbits                             (abs)         00F8C
_LATE                                 (abs)         00F8D
_LCDCommand                           bssBANK0      00082
_LCDText                              bssBANK1      0017B
_MACCurrentChannel                    bssBANK0      00095
_MACInitParams                        bssBANK0      0008E
_MACRxPacket                          bssCOMRAM     0002F
_MAC_PANID                            bssCOMRAM     00053
_MRF24J40Status                       bssCOMRAM     00043
_MTP                                  bssCOMRAM     0003A
_MiWiAckRequired                      bssCOMRAM     00045
_MiWiCapacityInfo                     bssBANK0      00098
_MiWiSeqNum                           bssCOMRAM     00046
_MiWiStateMachine                     bssCOMRAM     00041
_OSCCON                               (abs)         00FD3
_OSCTUNEbits                          (abs)         00F9B
_PHYGetLongRAMAddr                    text11        011BA
_PHYGetShortRAMAddr                   text10        0125A
_PHYSetShortRAMAddr                   text9         01284
_PIE1bits                             (abs)         00F9D
_PIE3bits                             (abs)         00FA3
_PIR1bits                             (abs)         00F9E
_PIR3bits                             (abs)         00FA4
_PORTBbits                            (abs)         00F81
_PPSCONbits                           (abs)         00EFF
_RCREG2                               (abs)         00FAA
_RCSTA2                               (abs)         00F9C
_RCSTA2bits                           (abs)         00F9C
_RPINR1                               (abs)         00EE7
_RPINR16                              (abs)         00EF6
_RPOR17                               (abs)         00ED7
_RouterFailures                       bssBANK0      0006A
_RoutingTable                         bssBANK0      00072
_RxBuffer                             bssBANK2      00200
_SPBRG2                               (abs)         00FAB
_SPBRGH2                              (abs)         00F7D
_SPIGet                               text12        01318
_SPIPut                               text13        012AC
_SSP1BUF                              (abs)         00FC9
_SSP1CON1                             (abs)         00FC6
_SSP1CON1bits                         (abs)         00FC6
_SSP1STAT                             (abs)         00FC7
_SSP2ADD                              (abs)         00F74
_SSP2BUF                              (abs)         00F75
_SSP2CON1                             (abs)         00F72
_SSP2CON1bits                         (abs)         00F72
_SSP2CON2                             (abs)         00F71
_SSP2CON2bits                         (abs)         00F71
_SSP2STAT                             (abs)         00F73
_ScanTime                             smallconst    00F01
_T1CON                                (abs)         00FCD
_T1CONbits                            (abs)         00FCD
_TMR0L                                (abs)         00FD6
_TMR1H                                (abs)         00FCF
_TMR1L                                (abs)         00FCE
_TRISA                                (abs)         00F92
_TRISAbits                            (abs)         00F92
_TRISB                                (abs)         00F93
_TRISBbits                            (abs)         00F93
_TRISC                                (abs)         00F94
_TRISCbits                            (abs)         00F94
_TRISD                                (abs)         00F95
_TRISDbits                            (abs)         00F95
_TRISE                                (abs)         00F96
_TXREG2                               (abs)         00FA9
_TXSTA2                               (abs)         00FA8
_TXSTA2bits                           (abs)         00FA8
_TextLen                              bssCOMRAM     0004F
_TextPtr                              bssCOMRAM     0004D
_TxBuffer                             bssBANK0      0009A
_TxData                               bssCOMRAM     00048
_UserInterruptHandler                 text5         012DE
_WDTCONbits                           (abs)         00FC0
__CFG_CPUDIV$OSC3_PLL3                (abs)         00000
__CFG_OSC$HSPLL                       (abs)         00000
__CFG_PLLDIV$2                        (abs)         00000
__CFG_WDTEN$OFF                       (abs)         00000
__CFG_XINST$OFF                       (abs)         00000
__HRAM                                (abs)         00000
__Habs1                               abs1          00000
__Hbank0                              bank0         00000
__Hbank1                              bank1         00000
__Hbank10                             bank10        00000
__Hbank11                             bank11        00000
__Hbank12                             bank12        00000
__Hbank13                             bank13        00000
__Hbank14                             bank14        00000
__Hbank2                              bank2         00000
__Hbank3                              bank3         00000
__Hbank4                              bank4         00000
__Hbank5                              bank5         00000
__Hbank6                              bank6         00000
__Hbank7                              bank7         00000
__Hbank8                              bank8         00000
__Hbank9                              bank9         00000
__Hbigbss                             bigbss        00000
__Hbigdata                            bigdata       00000
__Hbigram                             bigram        00000
__Hbss                                bss           00000
__HbssBANK0                           bssBANK0      00000
__HbssBANK1                           bssBANK1      00000
__HbssBANK2                           bssBANK2      00000
__HbssBANK3                           bssBANK3      00000
__HbssCOMRAM                          bssCOMRAM     00000
__Hcinit                              cinit         00000
__Hclrtext                            clrtext       00000
__Hcomram                             comram        00000
__Hconfig                             config        10000
__Hconst                              const         00000
__HcstackBANK0                        cstackBANK0   00000
__HcstackCOMRAM                       cstackCOMRAM  00000
__Hdata                               data          00000
__HdataBANK0                          dataBANK0     00000
__HdataCOMRAM                         dataCOMRAM    00000
__Hfarbss                             farbss        00000
__Hfardata                            fardata       00000
__Hibigdata                           ibigdata      00000
__Hidata                              idata         00000
__HidataBANK0                         idataBANK0    00000
__HidataCOMRAM                        idataCOMRAM   00000
__Hidloc                              idloc         00000
__Hifardata                           ifardata      00000
__Hinit                               init          00216
__Hintcode                            intcode       00212
__Hintcode_body                       intcode_body  00000
__Hintcodelo                          intcodelo     00212
__Hintentry                           intentry      00000
__Hintret                             intret        00000
__Hintsave_regs                       intsave_regs  00000
__Hirdata                             irdata        00000
__Hjflash_buffer                      jflash_buffer 0F800
__Hmediumconst                        mediumconst   00000
__HnvFARRAM                           nvFARRAM      00000
__Hnvbit                              nvbit         00000
__Hnvrram                             nvrram        00000
__Hparam                              rparam        00000
__Hpowerup                            powerup       00212
__Hram                                ram           00000
__Hramtop                             ramtop        00F00
__Hrbit                               rbit          00000
__Hrbss                               rbss          00000
__Hrdata                              rdata         00000
__Hreset_vec                          reset_vec     00006
__Hrparam                             rparam        00000
__Hsfr                                sfr           00000
__Hsmallconst                         smallconst    00FA6
__Hspace_0                            (abs)         10000
__Hspace_1                            (abs)         0038C
__Hspace_2                            (abs)         00000
__Hstack                              stack         00000
__Hstruct                             struct        00000
__Htemp                               temp          0005F
__Htext                               text          00000
__Htext0                              text0         00000
__Htext1                              text1         00000
__Htext10                             text10        00000
__Htext11                             text11        00000
__Htext12                             text12        00000
__Htext13                             text13        00000
__Htext2                              text2         00000
__Htext3                              text3         00000
__Htext5                              text5         00000
__Htext6                              text6         00000
__Htext7                              text7         00000
__Htext8                              text8         00000
__Htext9                              text9         00000
__LRAM                                (abs)         00001
__Labs1                               abs1          00000
__Lbank0                              bank0         00000
__Lbank1                              bank1         00000
__Lbank10                             bank10        00000
__Lbank11                             bank11        00000
__Lbank12                             bank12        00000
__Lbank13                             bank13        00000
__Lbank14                             bank14        00000
__Lbank2                              bank2         00000
__Lbank3                              bank3         00000
__Lbank4                              bank4         00000
__Lbank5                              bank5         00000
__Lbank6                              bank6         00000
__Lbank7                              bank7         00000
__Lbank8                              bank8         00000
__Lbank9                              bank9         00000
__Lbigbss                             bigbss        00000
__Lbigdata                            bigdata       00000
__Lbigram                             bigram        00000
__Lbss                                bss           00000
__LbssBANK0                           bssBANK0      00000
__LbssBANK1                           bssBANK1      00000
__LbssBANK2                           bssBANK2      00000
__LbssBANK3                           bssBANK3      00000
__LbssCOMRAM                          bssCOMRAM     00000
__Lcinit                              cinit         00000
__Lclrtext                            clrtext       00000
__Lcomram                             comram        00000
__Lconfig                             config        0FFF8
__Lconst                              const         00000
__LcstackBANK0                        cstackBANK0   00000
__LcstackCOMRAM                       cstackCOMRAM  00000
__Ldata                               data          00000
__LdataBANK0                          dataBANK0     00000
__LdataCOMRAM                         dataCOMRAM    00000
__Lfarbss                             farbss        00000
__Lfardata                            fardata       00000
__Libigdata                           ibigdata      00000
__Lidata                              idata         00000
__LidataBANK0                         idataBANK0    00000
__LidataCOMRAM                        idataCOMRAM   00000
__Lidloc                              idloc         00000
__Lifardata                           ifardata      00000
__Linit                               init          00212
__Lintcode                            intcode       00008
__Lintcode_body                       intcode_body  00000
__Lintcodelo                          intcodelo     00212
__Lintentry                           intentry      00000
__Lintret                             intret        00000
__Lintsave_regs                       intsave_regs  00000
__Lirdata                             irdata        00000
__Ljflash_buffer                      jflash_buffer 0F800
__Lmediumconst                        mediumconst   00000
__LnvFARRAM                           nvFARRAM      00000
__Lnvbit                              nvbit         00000
__Lnvrram                             nvrram        00000
__Lparam                              rparam        00000
__Lpowerup                            powerup       00212
__Lram                                ram           00000
__Lramtop                             ramtop        00F00
__Lrbit                               rbit          00000
__Lrbss                               rbss          00000
__Lrdata                              rdata         00000
__Lreset_vec                          reset_vec     00000
__Lrparam                             rparam        00000
__Lsfr                                sfr           00000
__Lsmallconst                         smallconst    00F00
__Lspace_0                            (abs)         00000
__Lspace_1                            (abs)         00000
__Lspace_2                            (abs)         00000
__Lstack                              stack         00000
__Lstruct                             struct        00000
__Ltemp                               temp          0005E
__Ltext                               text          00000
__Ltext0                              text0         00000
__Ltext1                              text1         00000
__Ltext10                             text10        00000
__Ltext11                             text11        00000
__Ltext12                             text12        00000
__Ltext13                             text13        00000
__Ltext2                              text2         00000
__Ltext3                              text3         00000
__Ltext5                              text5         00000
__Ltext6                              text6         00000
__Ltext7                              text7         00000
__Ltext8                              text8         00000
__Ltext9                              text9         00000
__S0                                  (abs)         10000
__S1                                  (abs)         0038C
__S2                                  (abs)         00000
___inthi_sp                           stack         00000
___intlo_sp                           stack         00000
___lmul                               text8         01164
___lmul@multiplicand                  cstackCOMRAM  00005
___lmul@multiplier                    cstackCOMRAM  00001
___lmul@product                       cstackCOMRAM  00009
___param_bank                         (abs)         00000
___rparam_used                        (abs)         00001
___sp                                 stack         00000
__accesstop                           (abs)         00060
__activetblptr                        (abs)         00002
__end_of_DELAY_ms                     text7         010E2
__end_of_I2CTask                      text6         01056
__end_of_PHYGetLongRAMAddr            text11        0120C
__end_of_PHYGetShortRAMAddr           text10        01284
__end_of_PHYSetShortRAMAddr           text9         012AC
__end_of_SPIGet                       text12        01322
__end_of_SPIPut                       text13        012C6
__end_of_ScanTime                     smallconst    00F3D
__end_of_UserInterruptHandler         text5         012F6
__end_of___lmul                       text8         011BA
__end_of__initialization              cinit         01156
__end_of__uartPrint                   text2         0125A
__end_of_dpowers                      smallconst    00F53
__end_of_hexpowers                    smallconst    00F5B
__end_of_high_isr                     intcode       00212
__end_of_main                         text0         0130A
__end_of_octpowers                    smallconst    00F49
__end_of_uartInitialize               text1         012DE
__end_of_uartWrite                    text3         01318
__initialization                      cinit         010E2
__mediumconst                         mediumconst   00000
__pbssBANK0                           bssBANK0      00060
__pbssBANK1                           bssBANK1      00100
__pbssBANK2                           bssBANK2      00200
__pbssBANK3                           bssBANK3      00300
__pbssCOMRAM                          bssCOMRAM     0002F
__pcinit                              cinit         010E2
__pcstackBANK0                        cstackBANK0   000F2
__pcstackCOMRAM                       cstackCOMRAM  00001
__pdataBANK0                          dataBANK0     000E9
__pdataCOMRAM                         dataCOMRAM    0005C
__pidataBANK0                         idataBANK0    01322
__pidataCOMRAM                        idataCOMRAM   0132B
__pintcode                            intcode       00008
__psmallconst                         smallconst    00F00
__ptext0                              text0         012F6
__ptext1                              text1         012C6
__ptext10                             text10        0125A
__ptext11                             text11        011BA
__ptext12                             text12        01318
__ptext13                             text13        012AC
__ptext2                              text2         0120C
__ptext3                              text3         0130A
__ptext5                              text5         012DE
__ptext6                              text6         00FA6
__ptext7                              text7         01056
__ptext8                              text8         01164
__ptext9                              text9         01284
__ramtop                              ramtop        00F00
__size_of_DELAY_ms                    (abs)         00000
__size_of_I2CTask                     (abs)         00000
__size_of_PHYGetLongRAMAddr           (abs)         00000
__size_of_PHYGetShortRAMAddr          (abs)         00000
__size_of_PHYSetShortRAMAddr          (abs)         00000
__size_of_SPIGet                      (abs)         00000
__size_of_SPIPut                      (abs)         00000
__size_of_UserInterruptHandler        (abs)         00000
__size_of___lmul                      (abs)         00000
__size_of__uartPrint                  (abs)         00000
__size_of_high_isr                    (abs)         00000
__size_of_main                        (abs)         00000
__size_of_uartInitialize              (abs)         00000
__size_of_uartWrite                   (abs)         00000
__smallconst                          smallconst    00F00
__uartPrint                           text2         0120C
__uartPrint@i                         cstackBANK0   000F7
__uartPrint@str                       cstackBANK0   000F3
_currentChannel                       bssCOMRAM     0005B
_defaultHops                          dataCOMRAM    0005D
_dpowers                              smallconst    00F49
_failureCounter                       bssBANK0      00091
_hexpowers                            smallconst    00F53
_high_isr                             intcode       00008
_knownCoordinators                    bssBANK0      00097
_main                                 text0         012F6
_myLongAddress                        dataBANK0     000EA
_myNetworkAddress                     bssCOMRAM     00051
_myPANID                              bssCOMRAM     00055
_myParent                             bssCOMRAM     00047
_myShortAddress                       bssCOMRAM     00057
_octpowers                            smallconst    00F3D
_openSocketInfo                       bssBANK0      000CD
_role                                 bssCOMRAM     00044
_rxMessage                            bssBANK0      00060
_switch0PressTime                     bssBANK0      0008A
_switch1PressTime                     bssBANK0      00086
_tempLongAddress                      bssBANK0      0007A
_tempNodeStatus                       bssCOMRAM     00049
_tempPANID                            bssBANK0      000E7
_tempShortAddress                     bssCOMRAM     00059
_timerExtension1                      bssCOMRAM     0004C
_timerExtension2                      bssBANK0      00099
_uartInitialize                       text1         012C6
_uartWrite                            text3         0130A
btemp                                 temp          0005E
end_of_initialization                 cinit         01156
high_isr@RxBank                       cstackCOMRAM  0002D
high_isr@flags                        cstackCOMRAM  0002B
high_isr@i                            cstackCOMRAM  0002E
high_isr@results                      cstackCOMRAM  0002A
int$flags                             temp          0005E
intlevel0                             text          00000
intlevel1                             text          00000
intlevel2                             text          00000
intlevel3                             text          00000
stackhi                               (abs)         00EBF
stacklo                               (abs)         0038C
start                                 init          00212
start_initialization                  cinit         010E2
uartWrite@c                           cstackBANK0   000F2
wtemp6                                temp          0005F


FUNCTION INFORMATION:

 *************** function _main *****************
 Defined at:
		line 42 in file "8bitswdk_pic18f46j50_24j40/firmware/src/main.c"
 Parameters:    Size  Location     Type
		None
 Auto vars:     Size  Location     Type
		None
 Return value:  Size  Location     Type
                  1    wreg      void 
 Registers used:
		wreg, status,2, status,0, tblptrl, tblptrh, tblptru, cstack
 Tracked objects:
		On entry : 
		On exit  : 
		Unchanged: 
 Data sizes:     COMRAM   BANK0   BANK1   BANK2   BANK3   BANK4   BANK5   BANK6   BANK7   BANK8   BANK9  BANK10  BANK11  BANK12  BANK13  BANK14
      Params:         0       0       0       0       0       0       0       0       0       0       0       0       0       0       0       0
      Locals:         0       0       0       0       0       0       0       0       0       0       0       0       0       0       0       0
      Temps:          0       0       0       0       0       0       0       0       0       0       0       0       0       0       0       0
      Totals:         0       0       0       0       0       0       0       0       0       0       0       0       0       0       0       0
Total ram usage:        0 bytes
 Hardware stack levels required when called:    7
 This function calls:
		__uartPrint
		_uartInitialize
 This function is called by:
		Startup code after reset
 This function uses a non-reentrant model


 *************** function _uartInitialize *****************
 Defined at:
		line 28 in file "8bitswdk_pic18f46j50_24j40/firmware/src/VT100.c"
 Parameters:    Size  Location     Type
		None
 Auto vars:     Size  Location     Type
		None
 Return value:  Size  Location     Type
                  1    wreg      void 
 Registers used:
		wreg, status,2
 Tracked objects:
		On entry : 
		On exit  : 
		Unchanged: 
 Data sizes:     COMRAM   BANK0   BANK1   BANK2   BANK3   BANK4   BANK5   BANK6   BANK7   BANK8   BANK9  BANK10  BANK11  BANK12  BANK13  BANK14
      Params:         0       0       0       0       0       0       0       0       0       0       0       0       0       0       0       0
      Locals:         0       0       0       0       0       0       0       0       0       0       0       0       0       0       0       0
      Temps:          0       0       0       0       0       0       0       0       0       0       0       0       0       0       0       0
      Totals:         0       0       0       0       0       0       0       0       0       0       0       0       0       0       0       0
Total ram usage:        0 bytes
 Hardware stack levels used:    1
 Hardware stack levels required when called:    5
 This function calls:
		Nothing
 This function is called by:
		_main
 This function uses a non-reentrant model


 *************** function __uartPrint *****************
 Defined at:
		line 75 in file "8bitswdk_pic18f46j50_24j40/firmware/src/VT100.c"
 Parameters:    Size  Location     Type
  str             2    1[BANK0 ] PTR unsigned char 
		 -> STR_3(5), 
 Auto vars:     Size  Location     Type
  i               2    5[BANK0 ] int 
 Return value:  Size  Location     Type
                  1    wreg      void 
 Registers used:
		wreg, status,2, status,0, tblptrl, tblptrh, tblptru, cstack
 Tracked objects:
		On entry : 
		On exit  : 
		Unchanged: 
 Data sizes:     COMRAM   BANK0   BANK1   BANK2   BANK3   BANK4   BANK5   BANK6   BANK7   BANK8   BANK9  BANK10  BANK11  BANK12  BANK13  BANK14
      Params:         0       2       0       0       0       0       0       0       0       0       0       0       0       0       0       0
      Locals:         0       2       0       0       0       0       0       0       0       0       0       0       0       0       0       0
      Temps:          0       2       0       0       0       0       0       0       0       0       0       0       0       0       0       0
      Totals:         0       6       0       0       0       0       0       0       0       0       0       0       0       0       0       0
Total ram usage:        6 bytes
 Hardware stack levels used:    1
 Hardware stack levels required when called:    6
 This function calls:
		_uartWrite
 This function is called by:
		_main
 This function uses a non-reentrant model


 *************** function _uartWrite *****************
 Defined at:
		line 67 in file "8bitswdk_pic18f46j50_24j40/firmware/src/VT100.c"
 Parameters:    Size  Location     Type
  c               1    wreg     unsigned char 
 Auto vars:     Size  Location     Type
  c               1    0[BANK0 ] unsigned char 
 Return value:  Size  Location     Type
                  1    wreg      void 
 Registers used:
		wreg
 Tracked objects:
		On entry : 
		On exit  : 
		Unchanged: 
 Data sizes:     COMRAM   BANK0   BANK1   BANK2   BANK3   BANK4   BANK5   BANK6   BANK7   BANK8   BANK9  BANK10  BANK11  BANK12  BANK13  BANK14
      Params:         0       0       0       0       0       0       0       0       0       0       0       0       0       0       0       0
      Locals:         0       1       0       0       0       0       0       0       0       0       0       0       0       0       0       0
      Temps:          0       0       0       0       0       0       0       0       0       0       0       0       0       0       0       0
      Totals:         0       1       0       0       0       0       0       0       0       0       0       0       0       0       0       0
Total ram usage:        1 bytes
 Hardware stack levels used:    1
 Hardware stack levels required when called:    5
 This function calls:
		Nothing
 This function is called by:
		__uartPrint
		_uartRead
		_uartHexaPrint
 This function uses a non-reentrant model


 *************** function _high_isr *****************
 Defined at:
		line 1852 in file "../MLA/framework/driver/mrf_miwi/src/drv_mrf_miwi_24j40.c"
 Parameters:    Size  Location     Type
		None
 Auto vars:     Size  Location     Type
  results         1   41[COMRAM] struct _DRIVER_UINT8_UNI
  RxBank          1   44[COMRAM] unsigned char 
  flags           2   42[COMRAM] struct .
  i               1   45[COMRAM] unsigned char 
 Return value:  Size  Location     Type
                  1    wreg      void 
 Registers used:
		wreg, fsr2l, fsr2h, status,2, status,0, prodl, prodh, cstack
 Tracked objects:
		On entry : 
		On exit  : 
		Unchanged: 
 Data sizes:     COMRAM   BANK0   BANK1   BANK2   BANK3   BANK4   BANK5   BANK6   BANK7   BANK8   BANK9  BANK10  BANK11  BANK12  BANK13  BANK14
      Params:         0       0       0       0       0       0       0       0       0       0       0       0       0       0       0       0
      Locals:         5       0       0       0       0       0       0       0       0       0       0       0       0       0       0       0
      Temps:         23       0       0       0       0       0       0       0       0       0       0       0       0       0       0       0
      Totals:        28       0       0       0       0       0       0       0       0       0       0       0       0       0       0       0
Total ram usage:       28 bytes
 Hardware stack levels used:    1
 Hardware stack levels required when called:    4
 This function calls:
		_PHYGetLongRAMAddr
		_PHYGetShortRAMAddr
		_PHYSetShortRAMAddr
		_UserInterruptHandler
 This function is called by:
		Interrupt level 2
 This function uses a non-reentrant model


 *************** function _UserInterruptHandler *****************
 Defined at:
		line 345 in file "8bitswdk_pic18f46j50_24j40/firmware/src/system_config/8bitwdk_pic18f46j50_24j40/lcd.c"
 Parameters:    Size  Location     Type
		None
 Auto vars:     Size  Location     Type
		None
 Return value:  Size  Location     Type
                  1    wreg      void 
 Registers used:
		wreg, fsr2l, fsr2h, status,2, status,0, prodl, prodh, cstack
 Tracked objects:
		On entry : 
		On exit  : 
		Unchanged: 
 Data sizes:     COMRAM   BANK0   BANK1   BANK2   BANK3   BANK4   BANK5   BANK6   BANK7   BANK8   BANK9  BANK10  BANK11  BANK12  BANK13  BANK14
      Params:         0       0       0       0       0       0       0       0       0       0       0       0       0       0       0       0
      Locals:         0       0       0       0       0       0       0       0       0       0       0       0       0       0       0       0
      Temps:          0       0       0       0       0       0       0       0       0       0       0       0       0       0       0       0
      Totals:         0       0       0       0       0       0       0       0       0       0       0       0       0       0       0       0
Total ram usage:        0 bytes
 Hardware stack levels used:    1
 Hardware stack levels required when called:    3
 This function calls:
		_DELAY_ms
		_I2CTask
 This function is called by:
		_high_isr
 This function uses a non-reentrant model


 *************** function _I2CTask *****************
 Defined at:
		line 65 in file "8bitswdk_pic18f46j50_24j40/firmware/src/system_config/8bitwdk_pic18f46j50_24j40/lcd.c"
 Parameters:    Size  Location     Type
		None
 Auto vars:     Size  Location     Type
		None
 Return value:  Size  Location     Type
                  1    wreg      void 
 Registers used:
		wreg, fsr2l, fsr2h, status,2, status,0, prodl, prodh, cstack
 Tracked objects:
		On entry : 
		On exit  : 
		Unchanged: 
 Data sizes:     COMRAM   BANK0   BANK1   BANK2   BANK3   BANK4   BANK5   BANK6   BANK7   BANK8   BANK9  BANK10  BANK11  BANK12  BANK13  BANK14
      Params:         0       0       0       0       0       0       0       0       0       0       0       0       0       0       0       0
      Locals:         0       0       0       0       0       0       0       0       0       0       0       0       0       0       0       0
      Temps:          0       0       0       0       0       0       0       0       0       0       0       0       0       0       0       0
      Totals:         0       0       0       0       0       0       0       0       0       0       0       0       0       0       0       0
Total ram usage:        0 bytes
 Hardware stack levels used:    1
 Hardware stack levels required when called:    2
 This function calls:
		_DELAY_ms
 This function is called by:
		_UserInterruptHandler
 This function uses a non-reentrant model


 *************** function _DELAY_ms *****************
 Defined at:
		line 108 in file "8bitswdk_pic18f46j50_24j40/firmware/src/system_config/8bitwdk_pic18f46j50_24j40/delay.c"
 Parameters:    Size  Location     Type
  ms              2   12[COMRAM] unsigned int 
 Auto vars:     Size  Location     Type
  cyclesRequir    4   14[COMRAM] long 
 Return value:  Size  Location     Type
                  1    wreg      void 
 Registers used:
		wreg, status,2, status,0, cstack
 Tracked objects:
		On entry : 
		On exit  : 
		Unchanged: 
 Data sizes:     COMRAM   BANK0   BANK1   BANK2   BANK3   BANK4   BANK5   BANK6   BANK7   BANK8   BANK9  BANK10  BANK11  BANK12  BANK13  BANK14
      Params:         2       0       0       0       0       0       0       0       0       0       0       0       0       0       0       0
      Locals:         4       0       0       0       0       0       0       0       0       0       0       0       0       0       0       0
      Temps:          0       0       0       0       0       0       0       0       0       0       0       0       0       0       0       0
      Totals:         6       0       0       0       0       0       0       0       0       0       0       0       0       0       0       0
Total ram usage:        6 bytes
 Hardware stack levels used:    1
 Hardware stack levels required when called:    1
 This function calls:
		___lmul
 This function is called by:
		_I2CTask
		_UserInterruptHandler
		_LCD_Initialize
		_LCDDisplay
		_LCDBacklightON
		_LCDBacklightOFF
 This function uses a non-reentrant model


 *************** function ___lmul *****************
 Defined at:
		line 15 in file "C:\Program Files (x86)\Microchip\xc8\v1.45\sources\common\Umul32.c"
 Parameters:    Size  Location     Type
  multiplier      4    0[COMRAM] unsigned long 
  multiplicand    4    4[COMRAM] unsigned long 
 Auto vars:     Size  Location     Type
  product         4    8[COMRAM] unsigned long 
 Return value:  Size  Location     Type
                  4    0[COMRAM] unsigned long 
 Registers used:
		wreg, status,2, status,0
 Tracked objects:
		On entry : 
		On exit  : 
		Unchanged: 
 Data sizes:     COMRAM   BANK0   BANK1   BANK2   BANK3   BANK4   BANK5   BANK6   BANK7   BANK8   BANK9  BANK10  BANK11  BANK12  BANK13  BANK14
      Params:         8       0       0       0       0       0       0       0       0       0       0       0       0       0       0       0
      Locals:         4       0       0       0       0       0       0       0       0       0       0       0       0       0       0       0
      Temps:          0       0       0       0       0       0       0       0       0       0       0       0       0       0       0       0
      Totals:        12       0       0       0       0       0       0       0       0       0       0       0       0       0       0       0
Total ram usage:       12 bytes
 Hardware stack levels used:    1
 This function calls:
		Nothing
 This function is called by:
		_DELAY_ms
		_DELAY_10us
 This function uses a non-reentrant model


 *************** function _PHYSetShortRAMAddr *****************
 Defined at:
		line 124 in file "../MLA/framework/driver/mrf_miwi/src/drv_mrf_miwi_24j40.c"
 Parameters:    Size  Location     Type
  address         1    wreg     unsigned char 
  value           1    2[COMRAM] unsigned char 
 Auto vars:     Size  Location     Type
  address         1    3[COMRAM] unsigned char 
  tmpRFIE         1    4[COMRAM] volatile unsigned char 
 Return value:  Size  Location     Type
                  1    wreg      void 
 Registers used:
		wreg, status,2, cstack
 Tracked objects:
		On entry : 
		On exit  : 
		Unchanged: 
 Data sizes:     COMRAM   BANK0   BANK1   BANK2   BANK3   BANK4   BANK5   BANK6   BANK7   BANK8   BANK9  BANK10  BANK11  BANK12  BANK13  BANK14
      Params:         1       0       0       0       0       0       0       0       0       0       0       0       0       0       0       0
      Locals:         2       0       0       0       0       0       0       0       0       0       0       0       0       0       0       0
      Temps:          0       0       0       0       0       0       0       0       0       0       0       0       0       0       0       0
      Totals:         3       0       0       0       0       0       0       0       0       0       0       0       0       0       0       0
Total ram usage:        3 bytes
 Hardware stack levels used:    1
 Hardware stack levels required when called:    1
 This function calls:
		_SPIPut
 This function is called by:
		_high_isr
		_InitMRF24J40
		_MiMAC_SendPacket
		_MiMAC_SetChannel
		_MiMAC_SetAltAddress
 This function uses a non-reentrant model


 *************** function _PHYGetShortRAMAddr *****************
 Defined at:
		line 154 in file "../MLA/framework/driver/mrf_miwi/src/drv_mrf_miwi_24j40.c"
 Parameters:    Size  Location     Type
  address         1    wreg     unsigned char 
 Auto vars:     Size  Location     Type
  address         1    2[COMRAM] unsigned char 
  tmpRFIE         1    4[COMRAM] volatile unsigned char 
  toReturn        1    3[COMRAM] unsigned char 
 Return value:  Size  Location     Type
                  1    wreg      unsigned char 
 Registers used:
		wreg, status,2, cstack
 Tracked objects:
		On entry : 
		On exit  : 
		Unchanged: 
 Data sizes:     COMRAM   BANK0   BANK1   BANK2   BANK3   BANK4   BANK5   BANK6   BANK7   BANK8   BANK9  BANK10  BANK11  BANK12  BANK13  BANK14
      Params:         0       0       0       0       0       0       0       0       0       0       0       0       0       0       0       0
      Locals:         3       0       0       0       0       0       0       0       0       0       0       0       0       0       0       0
      Temps:          0       0       0       0       0       0       0       0       0       0       0       0       0       0       0       0
      Totals:         3       0       0       0       0       0       0       0       0       0       0       0       0       0       0       0
Total ram usage:        3 bytes
 Hardware stack levels used:    1
 Hardware stack levels required when called:    2
 This function calls:
		_SPIGet
		_SPIPut
 This function is called by:
		_high_isr
		_InitMRF24J40
 This function uses a non-reentrant model


 *************** function _PHYGetLongRAMAddr *****************
 Defined at:
		line 185 in file "../MLA/framework/driver/mrf_miwi/src/drv_mrf_miwi_24j40.c"
 Parameters:    Size  Location     Type
  address         2    2[COMRAM] unsigned int 
 Auto vars:     Size  Location     Type
  tmpRFIE         1    7[COMRAM] volatile unsigned char 
  toReturn        1    6[COMRAM] unsigned char 
 Return value:  Size  Location     Type
                  1    wreg      unsigned char 
 Registers used:
		wreg, status,2, status,0, cstack
 Tracked objects:
		On entry : 
		On exit  : 
		Unchanged: 
 Data sizes:     COMRAM   BANK0   BANK1   BANK2   BANK3   BANK4   BANK5   BANK6   BANK7   BANK8   BANK9  BANK10  BANK11  BANK12  BANK13  BANK14
      Params:         2       0       0       0       0       0       0       0       0       0       0       0       0       0       0       0
      Locals:         2       0       0       0       0       0       0       0       0       0       0       0       0       0       0       0
      Temps:          2       0       0       0       0       0       0       0       0       0       0       0       0       0       0       0
      Totals:         6       0       0       0       0       0       0       0       0       0       0       0       0       0       0       0
Total ram usage:        6 bytes
 Hardware stack levels used:    1
 Hardware stack levels required when called:    2
 This function calls:
		_SPIGet
		_SPIPut
 This function is called by:
		_high_isr
		_InitMRF24J40
 This function uses a non-reentrant model


 *************** function _SPIGet *****************
 Defined at:
		line 102 in file "8bitswdk_pic18f46j50_24j40/firmware/src/system_config/8bitwdk_pic18f46j50_24j40/spi.c"
 Parameters:    Size  Location     Type
		None
 Auto vars:     Size  Location     Type
		None
 Return value:  Size  Location     Type
                  1    wreg      unsigned char 
 Registers used:
		wreg, status,2, cstack
 Tracked objects:
		On entry : 
		On exit  : 
		Unchanged: 
 Data sizes:     COMRAM   BANK0   BANK1   BANK2   BANK3   BANK4   BANK5   BANK6   BANK7   BANK8   BANK9  BANK10  BANK11  BANK12  BANK13  BANK14
      Params:         0       0       0       0       0       0       0       0       0       0       0       0       0       0       0       0
      Locals:         0       0       0       0       0       0       0       0       0       0       0       0       0       0       0       0
      Temps:          0       0       0       0       0       0       0       0       0       0       0       0       0       0       0       0
      Totals:         0       0       0       0       0       0       0       0       0       0       0       0       0       0       0       0
Total ram usage:        0 bytes
 Hardware stack levels used:    1
 Hardware stack levels required when called:    1
 This function calls:
		_SPIPut
 This function is called by:
		_PHYGetShortRAMAddr
		_PHYGetLongRAMAddr
 This function uses a non-reentrant model


 *************** function _SPIPut *****************
 Defined at:
		line 45 in file "8bitswdk_pic18f46j50_24j40/firmware/src/system_config/8bitwdk_pic18f46j50_24j40/spi.c"
 Parameters:    Size  Location     Type
  v               1    wreg     unsigned char 
 Auto vars:     Size  Location     Type
  v               1    1[COMRAM] unsigned char 
  i               1    0[COMRAM] unsigned char 
 Return value:  Size  Location     Type
                  1    wreg      void 
 Registers used:
		wreg
 Tracked objects:
		On entry : 
		On exit  : 
		Unchanged: 
 Data sizes:     COMRAM   BANK0   BANK1   BANK2   BANK3   BANK4   BANK5   BANK6   BANK7   BANK8   BANK9  BANK10  BANK11  BANK12  BANK13  BANK14
      Params:         0       0       0       0       0       0       0       0       0       0       0       0       0       0       0       0
      Locals:         2       0       0       0       0       0       0       0       0       0       0       0       0       0       0       0
      Temps:          0       0       0       0       0       0       0       0       0       0       0       0       0       0       0       0
      Totals:         2       0       0       0       0       0       0       0       0       0       0       0       0       0       0       0
Total ram usage:        2 bytes
 Hardware stack levels used:    1
 This function calls:
		Nothing
 This function is called by:
		_SPIGet
		_PHYSetShortRAMAddr
		_PHYGetShortRAMAddr
		_PHYGetLongRAMAddr
		_PHYSetLongRAMAddr
 This function uses a non-reentrant model



MODULE INFORMATION

Module		Function		Class		Link	Load	Size
../MLA/framework/driver/mrf_miwi/src/drv_mrf_miwi_24j40.c
		_PHYGetLongRAMAddr		CODE           	11BA	0000	83
		_PHYGetShortRAMAddr		CODE           	125A	0000	43
		_PHYSetShortRAMAddr		CODE           	1284	0000	41
		_high_isr      		CODE           	0008	0000	523

../MLA/framework/driver/mrf_miwi/src/drv_mrf_miwi_24j40.c estimated size: 690

8bitswdk_pic18f46j50_24j40/firmware/src/system_config/8bitwdk_pic18f46j50_24j40/delay.c
		_DELAY_ms      		CODE           	1056	0000	141

8bitswdk_pic18f46j50_24j40/firmware/src/system_config/8bitwdk_pic18f46j50_24j40/delay.c estimated size: 141

8bitswdk_pic18f46j50_24j40/firmware/src/VT100.c
		_uartInitialize		CODE           	12C6	0000	25
		__uartPrint    		CODE           	120C	0000	79
		_uartWrite     		CODE           	130A	0000	15

8bitswdk_pic18f46j50_24j40/firmware/src/VT100.c estimated size: 119

C:\Program Files (x86)\Microchip\xc8\v1.45\sources\common\Umul32.c
		___lmul        		CODE           	1164	0000	87

C:\Program Files (x86)\Microchip\xc8\v1.45\sources\common\Umul32.c estimated size: 87

shared
		_dpowers       		SMALLCONST     	0F49	0000	11
		_ScanTime      		SMALLCONST     	0F01	0000	61
		__initialization		CODE           	10E2	0000	117
		_octpowers     		SMALLCONST     	0F3D	0000	13
		_hexpowers     		SMALLCONST     	0F53	0000	9

shared estimated size: 211

8bitswdk_pic18f46j50_24j40/firmware/src/system_config/8bitwdk_pic18f46j50_24j40/spi.c
		_SPIGet        		CODE           	1318	0000	11
		_SPIPut        		CODE           	12AC	0000	27

8bitswdk_pic18f46j50_24j40/firmware/src/system_config/8bitwdk_pic18f46j50_24j40/spi.c estimated size: 38

8bitswdk_pic18f46j50_24j40/firmware/src/main.c
		_main          		CODE           	12F6	0000	21

8bitswdk_pic18f46j50_24j40/firmware/src/main.c estimated size: 21

8bitswdk_pic18f46j50_24j40/firmware/src/system_config/8bitwdk_pic18f46j50_24j40/lcd.c
		_UserInterruptHandler		CODE           	12DE	0000	25
		_I2CTask       		CODE           	0FA6	0000	177

8bitswdk_pic18f46j50_24j40/firmware/src/system_config/8bitwdk_pic18f46j50_24j40/lcd.c estimated size: 202

