Microchip MPLAB XC8 Compiler V1.45 ()

Linker command line:

--edf=C:\Program Files (x86)\Microchip\xc8\v1.45\dat\en_msgs.txt -cs \
  -h+dist/default/production\TP1_CHAT.X.production.sym \
  --cmf=dist/default/production\TP1_CHAT.X.production.cmf -z -Q18F46J50 \
  -oC:\Users\tpeea\AppData\Local\Temp\s9to.2 \
  -Mdist/default/production/TP1_CHAT.X.production.map -E1 -ver=XC8 \
  -ASTACK=038Ch-0ebfh -pstack=STACK -ACODE=00h-0FFF7h -ACONST=00h-0FFF7h \
  -ASMALLCONST=0F00h-0FFFhx240,0FF00h-0FFF7h -AMEDIUMCONST=0F00h-0FFF7h \
  -ACOMRAM=01h-05Fh -AABS1=00h-0EBFh -ABIGRAM=01h-0EBFh \
  -ARAM=060h-0FFh,0100h-01FFhx13,0E00h-0EBFh -ABANK0=060h-0FFh \
  -ABANK1=0100h-01FFh -ABANK2=0200h-02FFh -ABANK3=0300h-03FFh \
  -ABANK4=0400h-04FFh -ABANK5=0500h-05FFh -ABANK6=0600h-06FFh \
  -ABANK7=0700h-07FFh -ABANK8=0800h-08FFh -ABANK9=0900h-09FFh \
  -ABANK10=0A00h-0AFFh -ABANK11=0B00h-0BFFh -ABANK12=0C00h-0CFFh \
  -ABANK13=0D00h-0DFFh -ABANK14=0E00h-0EBFh \
  -ASFR=0EC0h-0EFFh,0F00h-0F5Fh,0F60h-0FFFh \
  -preset_vec=00h,intcode=08h,intcodelo,powerup,init -pramtop=0F00h \
  -psmallconst=SMALLCONST -pmediumconst=MEDIUMCONST -pconst=CONST \
  -AFARRAM=00h-00h -ACONFIG=0FFF8h-0FFFFh -pconfig=CONFIG \
  -pjflash_buffer=0F800h \
  -prdata=COMRAM,nvrram=COMRAM,nvbit=COMRAM,rbss=COMRAM,rbit=COMRAM \
  -pfarbss=FARRAM,fardata=FARRAM,nvFARRAM=FARRAM \
  -pintsave_regs=BIGRAM,bigbss=BIGRAM,bigdata=BIGRAM -pbss=RAM \
  -pidata=CODE,irdata=CODE,ibigdata=CODE,ifardata=CODE -prparam=COMRAM \
  C:\Users\tpeea\AppData\Local\Temp\s9to.obj \
  dist/default/production\TP1_CHAT.X.production.obj 

Object code version is 3.11

Machine type is 18F46J50

Call graph: (short form)




                Name                               Link     Load   Length Selector   Space Scale
C:\Users\tpeea\AppData\Local\Temp\s9to.obj
                init                                212      212        4        4       0
                reset_vec                             0        0        4        0       0
                config                             FFF8     FFF8        8     FFF8       0
dist/default/production\TP1_CHAT.X.production.obj
                intcode                               8        8      20A        4       0
                temp                                 5D       5D        1        1       1
                smallconst                          F00      F00       A6      780       0
                text55                             49F2     49F2       56      7D3       0
                text54                             44BC     44BC       8C      7D3       0
                text53                             4250     4250       B0      7D3       0
                text52                             4D88     4D88       18      7D3       0
                text51                             4D56     4D56       1A      7D3       0
                text50                             4DDE     4DDE        A      7D3       0
                text49                             4A48     4A48       52      7D3       0
                text48                             4C7A     4C7A       2A      7D3       0
                text47                             4CA4     4CA4       28      7D3       0
                text45                             4DC6     4DC6        E      7D3       0
                text44                             4D3C     4D3C       1A      7D3       0
                text43                             4D20     4D20       1C      7D3       0
                text42                             4DF2     4DF2        8     26F9       0
                text41                             41A0     41A0       B0      7D3       0
                text40                             4658     4658       82      7D3       0
                text39                             4B78     4B78       3C      7D3       0
                text38                             4004     4004       DE      7D3       0
                text37                             4940     4940       5A      7D3       0
                text36                             4C4C     4C4C       2E      7D3       0
                text35                             4396     4396       94      7D3       0
                text34                             2292     2292      682      7D3       0
                text33                             4D04     4D04       1C      7D3       0
                text32                             48E6     48E6       5A      7D3       0
                text31                             4C1C     4C1C       30      7D3       0
                text30                             4AE8     4AE8       4C      7D3       0
                text29                             4DD4     4DD4        A      7D3       0
                text28                             488C     488C       5A      7D3       0
                text27                             4BEA     4BEA       32      7D3       0
                text26                             387A     387A      25A      7D3       0
                text25                             47CC     47CC       64      7D3       0
                text24                             3144     3144      3CA      7D3       0
                text23                             4300     4300       96      7D3       0
                text22                             40E2     40E2       BE      7D3       0
                text21                             2914     2914      456      7D3       0
                text20                             45D0     45D0       88      7D3       0
                text19                              FA6      FA6     12EC      7D3       0
                text18                             4DB6     4DB6       10      7D3       0
                text17                             4CE8     4CE8       1C      7D3       0
                text16                             3D26     3D26      1B6      7D3       0
                text15                             2D6A     2D6A      3DA      7D3       0
                text14                             3AD4     3AD4      252      7D3       0
                text13                             350E     350E      36C      7D3       0
                text12                             4DA0     4DA0       16      7D3       0
                text11                             4B34     4B34       44      7D3       0
                text10                             3EDC     3EDC      128      7D3       0
                text9                              499A     499A       58      7D3       0
                text8                              442A     442A       92      7D3       0
                text7                              4CCC     4CCC       1C      7D3       0
                text6                              46DA     46DA       7C      7D3       0
                text5                              4548     4548       88      7D3       0
                text4                              4A9A     4A9A       4E      7D3       0
                text3                              4D70     4D70       18      7D3       0
                text2                              4DFC     4DFC        2     26F9       0
                text1                              4BB4     4BB4       36      7D3       0
                text0                              4830     4830       5C      7D3       0
                cstackCOMRAM                          1        1       2E        1       1
                cstackBANK0                          60       60       9B       60       1
                cstackBANK1                         1E5      1E5       12      100       1
                bssBANK3                            300      300       8C      300       1
                bssBANK2                            200      200       E1      200       1
                dataBANK1                           1F7      1F7        9      100       1
                bssBANK1                            100      100       E5      100       1
                dataCOMRAM                           5B       5B        2        1       1
                bssCOMRAM                            2F       2F       2C        1       1
                cinit                              4756     4756       76      7D3       0
                idataBANK1                         4DE8     4DE8        9      7D3       0
                idataCOMRAM                        4DFA     4DFA        2     26F9       0

TOTAL           Name                               Link     Load   Length     Space
        CLASS   STACK          

        CLASS   CODE           
                intcode                               8        8      20A         0
                init                                212      212        4         0
                reset_vec                             0        0        4         0
                text55                             49F2     49F2       56         0
                text54                             44BC     44BC       8C         0
                text53                             4250     4250       B0         0
                text52                             4D88     4D88       18         0
                text51                             4D56     4D56       1A         0
                text50                             4DDE     4DDE        A         0
                text49                             4A48     4A48       52         0
                text48                             4C7A     4C7A       2A         0
                text47                             4CA4     4CA4       28         0
                text45                             4DC6     4DC6        E         0
                text44                             4D3C     4D3C       1A         0
                text43                             4D20     4D20       1C         0
                text42                             4DF2     4DF2        8         0
                text41                             41A0     41A0       B0         0
                text40                             4658     4658       82         0
                text39                             4B78     4B78       3C         0
                text38                             4004     4004       DE         0
                text37                             4940     4940       5A         0
                text36                             4C4C     4C4C       2E         0
                text35                             4396     4396       94         0
                text34                             2292     2292      682         0
                text33                             4D04     4D04       1C         0
                text32                             48E6     48E6       5A         0
                text31                             4C1C     4C1C       30         0
                text30                             4AE8     4AE8       4C         0
                text29                             4DD4     4DD4        A         0
                text28                             488C     488C       5A         0
                text27                             4BEA     4BEA       32         0
                text26                             387A     387A      25A         0
                text25                             47CC     47CC       64         0
                text24                             3144     3144      3CA         0
                text23                             4300     4300       96         0
                text22                             40E2     40E2       BE         0
                text21                             2914     2914      456         0
                text20                             45D0     45D0       88         0
                text19                              FA6      FA6     12EC         0
                text18                             4DB6     4DB6       10         0
                text17                             4CE8     4CE8       1C         0
                text16                             3D26     3D26      1B6         0
                text15                             2D6A     2D6A      3DA         0
                text14                             3AD4     3AD4      252         0
                text13                             350E     350E      36C         0
                text12                             4DA0     4DA0       16         0
                text11                             4B34     4B34       44         0
                text10                             3EDC     3EDC      128         0
                text9                              499A     499A       58         0
                text8                              442A     442A       92         0
                text7                              4CCC     4CCC       1C         0
                text6                              46DA     46DA       7C         0
                text5                              4548     4548       88         0
                text4                              4A9A     4A9A       4E         0
                text3                              4D70     4D70       18         0
                text2                              4DFC     4DFC        2         0
                text1                              4BB4     4BB4       36         0
                text0                              4830     4830       5C         0
                cinit                              4756     4756       76         0
                idataBANK1                         4DE8     4DE8        9         0
                idataCOMRAM                        4DFA     4DFA        2         0

        CLASS   CONST          

        CLASS   SMALLCONST     
                smallconst                          F00      F00       A6         0

        CLASS   MEDIUMCONST    

        CLASS   COMRAM         
                temp                                 5D       5D        1         1
                cstackCOMRAM                          1        1       2E         1
                dataCOMRAM                           5B       5B        2         1
                bssCOMRAM                            2F       2F       2C         1

        CLASS   ABS1           

        CLASS   BIGRAM         

        CLASS   RAM            

        CLASS   BANK0          
                cstackBANK0                          60       60       9B         1

        CLASS   BANK1          
                cstackBANK1                         1E5      1E5       12         1
                dataBANK1                           1F7      1F7        9         1
                bssBANK1                            100      100       E5         1

        CLASS   BANK2          
                bssBANK2                            200      200       E1         1

        CLASS   BANK3          
                bssBANK3                            300      300       8C         1

        CLASS   BANK4          

        CLASS   BANK5          

        CLASS   BANK6          

        CLASS   BANK7          

        CLASS   BANK8          

        CLASS   BANK9          

        CLASS   BANK10         

        CLASS   BANK11         

        CLASS   BANK12         

        CLASS   BANK13         

        CLASS   BANK14         

        CLASS   SFR            

        CLASS   FARRAM         

        CLASS   CONFIG         
                config                             FFF8     FFF8        8         0

        CLASS   IDLOC          



SEGMENTS        Name                           Load    Length   Top    Selector   Space  Class

                reset_vec                      000000  000004  000004         0       0  CODE    
                cstackCOMRAM                   000001  00005D  00005E         1       1  COMRAM  
                intcode                        000008  00020E  000216         4       0  CODE    
                cstackBANK0                    000060  00009B  0000FB        60       1  BANK0   
                bssBANK1                       000100  000100  000200       100       1  BANK1   
                bssBANK2                       000200  0000E1  0002E1       200       1  BANK2   
                bssBANK3                       000300  00008C  00038C       300       1  BANK3   
                smallconst                     000F00  0000A6  000FA6       780       0  SMALLCON
                text19                         000FA6  003E4B  004DF1       7D3       0  CODE    
                text42                         004DF2  00000C  004DFE      26F9       0  CODE    
                config                         00FFF8  000008  010000      FFF8       0  CONFIG  


UNUSED ADDRESS RANGES

        Name                Unused          Largest block    Delta
        BANK0            000FB-000FF               5
        BANK10           00A00-00AFF             100
        BANK11           00B00-00BFF             100
        BANK12           00C00-00CFF             100
        BANK13           00D00-00DFF             100
        BANK14           00E00-00EBF              C0
        BANK2            002E1-002FF              1F
        BANK3            0038C-003FF              74
        BANK4            00400-004FF             100
        BANK5            00500-005FF             100
        BANK6            00600-006FF             100
        BANK7            00700-007FF             100
        BANK8            00800-008FF             100
        BANK9            00900-009FF             100
        BIGRAM           0005E-0005F               2
                         000FB-000FF               5
                         002E1-002FF              1F
                         0038C-00EBF             B34
        CODE             00004-00007               4
                         00216-00EFF             CEA
                         04DF1-04DF1               1
                         04DFE-0FFF7            B1FA
        COMRAM           0005E-0005F               2
        CONST            00004-00007               4
                         00216-00EFF             CEA
                         04DF1-04DF1               1
                         04DFE-0FFF7            B1FA
        MEDIUMCONST      04DF1-04DF1               1
                         04DFE-0FFF7            B1FA
        RAM              000FB-000FF               5
                         002E1-002FF              1F
                         0038C-00EBF             100
        SFR              00EC0-00FFF              60
        SMALLCONST       04DF1-04DF1               1
                         04DFE-0FFF7             100
        STACK            0038C-00EBF             B34

                                  Symbol Table

?_MiWi_TickGet                            cstackBANK0   00060
?___lmul                                  cstackBANK0   00060
?i2___lmul                                cstackCOMRAM  00001
AddNodeToNetworkTable@handle              cstackBANK0   00069
AddNodeToNetworkTable@i                   cstackBANK0   00068
BroadcastJitter@jitter                    cstackBANK0   0007B
BroadcastJitter@range                     cstackBANK0   0007A
BroadcastJitter@t1                        cstackBANK0   00072
BroadcastJitter@t2                        cstackBANK0   00076
DELAY_ms@cyclesRequiredForEntireDelay     cstackBANK0   0006E
DELAY_ms@ms                               cstackBANK0   0006C
I2CWrite@BufferLen                        cstackBANK0   00060
I2CWrite@Commandlen                       cstackBANK0   00061
InitMRF24J40@_dcnt                        cstackBANK0   0006B
InitMRF24J40@_dcnt_2618                   cstackBANK0   0006F
InitMRF24J40@_ms                          cstackBANK0   00073
InitMRF24J40@_ms_2619                     cstackBANK0   00077
InitMRF24J40@i                            cstackBANK0   0007D
InitMRF24J40@j                            cstackBANK0   0007B
MiApp_EstablishConnection@ActiveScanIndex cstackBANK1   001F6
MiApp_EstablishConnection@Mode            cstackBANK0   000F9
MiApp_EstablishConnection@retry           cstackBANK1   001F5
MiApp_EstablishConnection@t1              cstackBANK1   001ED
MiApp_EstablishConnection@t2              cstackBANK1   001F1
MiApp_ProtocolInit@MIP                    cstackBANK0   00084
MiApp_ProtocolInit@bNetworkFreezer        cstackBANK0   00083
MiApp_ProtocolInit@i                      cstackBANK0   00087
MiApp_SearchConnection@ChannelMap         cstackBANK0   000D9
MiApp_SearchConnection@ScanDuration       cstackBANK0   000F6
MiApp_SearchConnection@backupChannel      cstackBANK0   000F7
MiApp_SearchConnection@channelMask        cstackBANK0   000EA
MiApp_SearchConnection@i                  cstackBANK0   000F8
MiApp_SearchConnection@t1                 cstackBANK0   000EE
MiApp_SearchConnection@t2                 cstackBANK0   000F2
MiApp_SetChannel@channel                  cstackBANK0   0006A
MiApp_UnicastAddress@DestAddress          cstackBANK0   000D9
MiApp_UnicastAddress@MiWiFrameControl     cstackBANK0   000F5
MiApp_UnicastAddress@PermanentAddr        cstackBANK0   000DB
MiApp_UnicastAddress@SecEn                cstackBANK0   000DC
MiApp_UnicastAddress@handle               cstackBANK0   000F7
MiApp_UnicastAddress@i                    cstackBANK0   000F6
MiApp_UnicastAddress@t1                   cstackBANK0   000E5
MiApp_UnicastAddress@t1_2239              cstackBANK0   000ED
MiApp_UnicastAddress@t2                   cstackBANK0   000E9
MiApp_UnicastAddress@t2_2250              cstackBANK0   000F1
MiMAC_Init@i                              cstackBANK0   00081
MiMAC_Init@initValue                      cstackBANK0   0007E
MiMAC_ReceivedPacket@addrMode             cstackBANK0   00066
MiMAC_ReceivedPacket@bIntraPAN            cstackBANK0   00068
MiMAC_ReceivedPacket@i                    cstackBANK0   00067
MiMAC_SendPacket@IntraPAN                 cstackBANK0   00098
MiMAC_SendPacket@MACPayload               cstackBANK0   00085
MiMAC_SendPacket@MACPayloadLen            cstackBANK0   00087
MiMAC_SendPacket@frameControl             cstackBANK0   00099
MiMAC_SendPacket@headerLength             cstackBANK0   0009A
MiMAC_SendPacket@i                        cstackBANK0   0009B
MiMAC_SendPacket@loc                      cstackBANK0   0009C
MiMAC_SendPacket@t1                       cstackBANK0   00090
MiMAC_SendPacket@t2                       cstackBANK0   00094
MiMAC_SendPacket@transParam               cstackBANK0   0007E
MiMAC_SetAltAddress@Address               cstackBANK0   00065
MiMAC_SetAltAddress@PANID                 cstackBANK0   00067
MiMAC_SetChannel@channel                  cstackBANK0   00069
MiMAC_SetChannel@offsetFreq               cstackBANK0   00068
MiWiTasks@CapacityByte                    cstackBANK0   000CB
MiWiTasks@CoordAddress                    cstackBANK0   000BC
MiWiTasks@associateStatus                 cstackBANK0   000C0
MiWiTasks@cIndex                          cstackBANK0   000C8
MiWiTasks@coordinatorNumber               cstackBANK0   000C5
MiWiTasks@destPANID                       cstackBANK0   000CD
MiWiTasks@destShortAddress                cstackBANK0   000D0
MiWiTasks@entry                           cstackBANK0   000BF
MiWiTasks@handle                          cstackBANK0   000D4
MiWiTasks@i                               cstackBANK0   000D8
MiWiTasks@j                               cstackBANK0   000D7
MiWiTasks@j_1913                          cstackBANK0   000CC
MiWiTasks@j_1982                          cstackBANK0   000CF
MiWiTasks@j_1993                          cstackBANK0   000C6
MiWiTasks@j_2000                          cstackBANK0   000C9
MiWiTasks@mask                            cstackBANK0   000BE
MiWiTasks@rxIndex                         cstackBANK0   000CA
MiWiTasks@sourcePANID                     cstackBANK0   000D2
MiWiTasks@sourceShortAddress              cstackBANK0   000D5
MiWiTasks@t1                              cstackBANK0   000C1
MiWiTasks@t2                              cstackBANK0   000B8
MiWi_TickGet@currentTime                  cstackBANK0   00066
MiWi_TickGet@failureCounter               cstackBANK0   00065
OpenSocket@i                              cstackBANK0   000F8
PHYGetLongRAMAddr@address                 cstackBANK0   00062
PHYGetLongRAMAddr@tmpRFIE                 cstackBANK0   00067
PHYGetLongRAMAddr@toReturn                cstackBANK0   00066
PHYGetShortRAMAddr@address                cstackBANK0   00062
PHYGetShortRAMAddr@tmpRFIE                cstackBANK0   00064
PHYGetShortRAMAddr@toReturn               cstackBANK0   00063
PHYSetLongRAMAddr@address                 cstackBANK0   00062
PHYSetLongRAMAddr@tmpRFIE                 cstackBANK0   00067
PHYSetLongRAMAddr@value                   cstackBANK0   00064
PHYSetShortRAMAddr@address                cstackBANK0   00063
PHYSetShortRAMAddr@tmpRFIE                cstackBANK0   00064
PHYSetShortRAMAddr@value                  cstackBANK0   00062
RouteMessage@PANID                        cstackBANK0   000A4
RouteMessage@SecEn                        cstackBANK0   000A8
RouteMessage@ShortAddress                 cstackBANK0   000A6
RouteMessage@i                            cstackBANK0   000AD
RouteMessage@parentNode                   cstackBANK0   000AC
SPIPut@i                                  cstackBANK0   00060
SPIPut@v                                  cstackBANK0   00061
SearchForLongAddress@i                    cstackBANK0   00065
SearchForLongAddress@j                    cstackBANK0   00064
SearchForShortAddress@i                   cstackBANK0   00062
SendMACPacket@Address                     cstackBANK0   0009F
SendMACPacket@ModeMask                    cstackBANK0   000A2
SendMACPacket@PANID                       cstackBANK0   0009D
SendMACPacket@PacketType                  cstackBANK0   000A1
UnicastShortAddress@DestAddress           cstackBANK0   000AE
_ANCON0                                   (abs)         00F48
_ANCON1                                   (abs)         00F49
_AcknowledgementAddr                      bssBANK1      00133
_AcknowledgementSeq                       dataBANK1     001F7
_ActiveScanResultIndex                    bssCOMRAM     00049
_ActiveScanResults                        bssBANK3      00300
_AddNodeToNetworkTable                    text38        04004
_BAUDCON1bits                             (abs)         00F7E
_BankIndex                                dataCOMRAM    0005B
_BroadcastJitter                          text35        04396
_BroadcastRecords                         bssBANK2      00200
_CleanScreen                              text44        04D3C
_CommandLen                               bssCOMRAM     0004F
_CommandPtr                               bssCOMRAM     0004D
_ConnMode                                 bssCOMRAM     0004A
_ConnectionTable                          bssBANK1      0013B
_DELAY_ms                                 text8         0442A
_EECON2                                   (abs)         00FA7
_I2CTask                                  text53        04250
_I2CWrite                                 text7         04CCC
_IEEESeqNum                               bssBANK1      00136
_INTCON                                   (abs)         00FF2
_INTCON2bits                              (abs)         00FF1
_INTCON3bits                              (abs)         00FF0
_INTCONbits                               (abs)         00FF2
_InitMRF24J40                             text26        0387A
_InitSymbolTimer                          text12        04DA0
_LATA                                     (abs)         00F89
_LATB                                     (abs)         00F8A
_LATBbits                                 (abs)         00F8A
_LATCbits                                 (abs)         00F8B
_LATD                                     (abs)         00F8C
_LATDbits                                 (abs)         00F8C
_LATE                                     (abs)         00F8D
_LCDCommand                               bssBANK1      00122
_LCDText                                  bssBANK2      002C0
_LCD_Initialize                           text6         046DA
_MACCurrentChannel                        bssBANK1      00135
_MACInitParams                            bssBANK1      0012E
_MACRxPacket                              bssCOMRAM     0002F
_MAC_PANID                                bssCOMRAM     00052
_MRF24J40Status                           bssCOMRAM     00043
_MTP                                      bssCOMRAM     0003A
_MiApp_DiscardMessage                     text42        04DF2
_MiApp_EstablishConnection                text13        0350E
_MiApp_MessageAvailable                   text18        04DB6
_MiApp_ProtocolInit                       text10        03EDC
_MiApp_SearchConnection                   text16        03D26
_MiApp_SetChannel                         text17        04CE8
_MiApp_UnicastAddress                     text15        02D6A
_MiMAC_DiscardPacket                      text43        04D20
_MiMAC_Init                               text11        04B34
_MiMAC_ReceivedPacket                     text34        02292
_MiMAC_SendPacket                         text24        03144
_MiMAC_SetAltAddress                      text25        047CC
_MiMAC_SetChannel                         text30        04AE8
_MiWiAckRequired                          bssBANK1      00138
_MiWiCapacityInfo                         bssBANK1      00139
_MiWiSeqNum                               bssCOMRAM     00045
_MiWiStateMachine                         bssCOMRAM     00041
_MiWiTasks                                text19        00FA6
_MiWi_TickGet                             text37        04940
_OSCCON                                   (abs)         00FD3
_OSCTUNEbits                              (abs)         00F9B
_OpenSocket                               text14        03AD4
_PHYGetLongRAMAddr                        text28        0488C
_PHYGetShortRAMAddr                       text27        04BEA
_PHYSetLongRAMAddr                        text32        048E6
_PHYSetShortRAMAddr                       text31        04C1C
_PIE1bits                                 (abs)         00F9D
_PIE3bits                                 (abs)         00FA3
_PIR1bits                                 (abs)         00F9E
_PIR3bits                                 (abs)         00FA4
_PORTBbits                                (abs)         00F81
_PPSCONbits                               (abs)         00EFF
_RCREG2                                   (abs)         00FAA
_RCSTA2                                   (abs)         00F9C
_RCSTA2bits                               (abs)         00F9C
_RPINR1                                   (abs)         00EE7
_RPINR16                                  (abs)         00EF6
_RPOR17                                   (abs)         00ED7
_RouteMessage                             text21        02914
_RouterFailures                           bssBANK1      0010A
_RoutingTable                             bssBANK1      00112
_RxBuffer                                 bssBANK2      00220
_SPBRG2                                   (abs)         00FAB
_SPBRGH2                                  (abs)         00F7D
_SPIGet                                   text29        04DD4
_SPIPut                                   text33        04D04
_SSP1BUF                                  (abs)         00FC9
_SSP1CON1                                 (abs)         00FC6
_SSP1CON1bits                             (abs)         00FC6
_SSP1STAT                                 (abs)         00FC7
_SSP2ADD                                  (abs)         00F74
_SSP2BUF                                  (abs)         00F75
_SSP2CON1                                 (abs)         00F72
_SSP2CON1bits                             (abs)         00F72
_SSP2CON2                                 (abs)         00F71
_SSP2CON2bits                             (abs)         00F71
_SSP2STAT                                 (abs)         00F73
_SYSTEM_Initialize                        text5         04548
_ScanTime                                 smallconst    00F01
_SearchForLongAddress                     text41        041A0
_SearchForShortAddress                    text40        04658
_SendBeacon                               text22        040E2
_SendMACPacket                            text23        04300
_T1CON                                    (abs)         00FCD
_T1CONbits                                (abs)         00FCD
_TMR0L                                    (abs)         00FD6
_TMR1H                                    (abs)         00FCF
_TMR1L                                    (abs)         00FCE
_TRISA                                    (abs)         00F92
_TRISAbits                                (abs)         00F92
_TRISB                                    (abs)         00F93
_TRISBbits                                (abs)         00F93
_TRISC                                    (abs)         00F94
_TRISCbits                                (abs)         00F94
_TRISD                                    (abs)         00F95
_TRISDbits                                (abs)         00F95
_TRISE                                    (abs)         00F96
_TXREG2                                   (abs)         00FA9
_TXSTA2                                   (abs)         00FA8
_TXSTA2bits                               (abs)         00FA8
_TextLen                                  bssCOMRAM     0004E
_TextPtr                                  bssCOMRAM     0004C
_TxBuffer                                 bssBANK1      00196
_TxData                                   bssCOMRAM     00047
_UnicastShortAddress                      text20        045D0
_UserInterruptHandler                     text52        04D88
_WDTCONbits                               (abs)         00FC0
__CFG_CPUDIV$OSC3_PLL3                    (abs)         00000
__CFG_OSC$HSPLL                           (abs)         00000
__CFG_PLLDIV$2                            (abs)         00000
__CFG_WDTEN$OFF                           (abs)         00000
__CFG_XINST$OFF                           (abs)         00000
__HRAM                                    (abs)         00000
__Habs1                                   abs1          00000
__Hbank0                                  bank0         00000
__Hbank1                                  bank1         00000
__Hbank10                                 bank10        00000
__Hbank11                                 bank11        00000
__Hbank12                                 bank12        00000
__Hbank13                                 bank13        00000
__Hbank14                                 bank14        00000
__Hbank2                                  bank2         00000
__Hbank3                                  bank3         00000
__Hbank4                                  bank4         00000
__Hbank5                                  bank5         00000
__Hbank6                                  bank6         00000
__Hbank7                                  bank7         00000
__Hbank8                                  bank8         00000
__Hbank9                                  bank9         00000
__Hbigbss                                 bigbss        00000
__Hbigdata                                bigdata       00000
__Hbigram                                 bigram        00000
__Hbss                                    bss           00000
__HbssBANK1                               bssBANK1      00000
__HbssBANK2                               bssBANK2      00000
__HbssBANK3                               bssBANK3      00000
__HbssCOMRAM                              bssCOMRAM     00000
__Hcinit                                  cinit         00000
__Hclrtext                                clrtext       00000
__Hcomram                                 comram        00000
__Hconfig                                 config        10000
__Hconst                                  const         00000
__HcstackBANK0                            cstackBANK0   00000
__HcstackBANK1                            cstackBANK1   00000
__HcstackCOMRAM                           cstackCOMRAM  00000
__Hdata                                   data          00000
__HdataBANK1                              dataBANK1     00000
__HdataCOMRAM                             dataCOMRAM    00000
__Hfarbss                                 farbss        00000
__Hfardata                                fardata       00000
__Hibigdata                               ibigdata      00000
__Hidata                                  idata         00000
__HidataBANK1                             idataBANK1    00000
__HidataCOMRAM                            idataCOMRAM   00000
__Hidloc                                  idloc         00000
__Hifardata                               ifardata      00000
__Hinit                                   init          00216
__Hintcode                                intcode       00212
__Hintcode_body                           intcode_body  00000
__Hintcodelo                              intcodelo     00212
__Hintentry                               intentry      00000
__Hintret                                 intret        00000
__Hintsave_regs                           intsave_regs  00000
__Hirdata                                 irdata        00000
__Hjflash_buffer                          jflash_buffer 0F800
__Hmediumconst                            mediumconst   00000
__HnvFARRAM                               nvFARRAM      00000
__Hnvbit                                  nvbit         00000
__Hnvrram                                 nvrram        00000
__Hparam                                  rparam        00000
__Hpowerup                                powerup       00212
__Hram                                    ram           00000
__Hramtop                                 ramtop        00F00
__Hrbit                                   rbit          00000
__Hrbss                                   rbss          00000
__Hrdata                                  rdata         00000
__Hreset_vec                              reset_vec     00004
__Hrparam                                 rparam        00000
__Hsfr                                    sfr           00000
__Hsmallconst                             smallconst    00FA6
__Hspace_0                                (abs)         10000
__Hspace_1                                (abs)         0038C
__Hspace_2                                (abs)         00000
__Hstack                                  stack         00000
__Hstruct                                 struct        00000
__Htemp                                   temp          0005E
__Htext                                   text          00000
__Htext0                                  text0         00000
__Htext1                                  text1         00000
__Htext10                                 text10        00000
__Htext11                                 text11        00000
__Htext12                                 text12        00000
__Htext13                                 text13        00000
__Htext14                                 text14        00000
__Htext15                                 text15        00000
__Htext16                                 text16        00000
__Htext17                                 text17        00000
__Htext18                                 text18        00000
__Htext19                                 text19        00000
__Htext2                                  text2         00000
__Htext20                                 text20        00000
__Htext21                                 text21        00000
__Htext22                                 text22        00000
__Htext23                                 text23        00000
__Htext24                                 text24        00000
__Htext25                                 text25        00000
__Htext26                                 text26        00000
__Htext27                                 text27        00000
__Htext28                                 text28        00000
__Htext29                                 text29        00000
__Htext3                                  text3         00000
__Htext30                                 text30        00000
__Htext31                                 text31        00000
__Htext32                                 text32        00000
__Htext33                                 text33        00000
__Htext34                                 text34        00000
__Htext35                                 text35        00000
__Htext36                                 text36        00000
__Htext37                                 text37        00000
__Htext38                                 text38        00000
__Htext39                                 text39        00000
__Htext4                                  text4         00000
__Htext40                                 text40        00000
__Htext41                                 text41        00000
__Htext42                                 text42        00000
__Htext43                                 text43        00000
__Htext44                                 text44        00000
__Htext45                                 text45        00000
__Htext47                                 text47        00000
__Htext48                                 text48        00000
__Htext49                                 text49        00000
__Htext5                                  text5         00000
__Htext50                                 text50        00000
__Htext51                                 text51        00000
__Htext52                                 text52        00000
__Htext53                                 text53        00000
__Htext54                                 text54        00000
__Htext55                                 text55        00000
__Htext6                                  text6         00000
__Htext7                                  text7         00000
__Htext8                                  text8         00000
__Htext9                                  text9         00000
__LRAM                                    (abs)         00001
__Labs1                                   abs1          00000
__Lbank0                                  bank0         00000
__Lbank1                                  bank1         00000
__Lbank10                                 bank10        00000
__Lbank11                                 bank11        00000
__Lbank12                                 bank12        00000
__Lbank13                                 bank13        00000
__Lbank14                                 bank14        00000
__Lbank2                                  bank2         00000
__Lbank3                                  bank3         00000
__Lbank4                                  bank4         00000
__Lbank5                                  bank5         00000
__Lbank6                                  bank6         00000
__Lbank7                                  bank7         00000
__Lbank8                                  bank8         00000
__Lbank9                                  bank9         00000
__Lbigbss                                 bigbss        00000
__Lbigdata                                bigdata       00000
__Lbigram                                 bigram        00000
__Lbss                                    bss           00000
__LbssBANK1                               bssBANK1      00000
__LbssBANK2                               bssBANK2      00000
__LbssBANK3                               bssBANK3      00000
__LbssCOMRAM                              bssCOMRAM     00000
__Lcinit                                  cinit         00000
__Lclrtext                                clrtext       00000
__Lcomram                                 comram        00000
__Lconfig                                 config        0FFF8
__Lconst                                  const         00000
__LcstackBANK0                            cstackBANK0   00000
__LcstackBANK1                            cstackBANK1   00000
__LcstackCOMRAM                           cstackCOMRAM  00000
__Ldata                                   data          00000
__LdataBANK1                              dataBANK1     00000
__LdataCOMRAM                             dataCOMRAM    00000
__Lfarbss                                 farbss        00000
__Lfardata                                fardata       00000
__Libigdata                               ibigdata      00000
__Lidata                                  idata         00000
__LidataBANK1                             idataBANK1    00000
__LidataCOMRAM                            idataCOMRAM   00000
__Lidloc                                  idloc         00000
__Lifardata                               ifardata      00000
__Linit                                   init          00212
__Lintcode                                intcode       00008
__Lintcode_body                           intcode_body  00000
__Lintcodelo                              intcodelo     00212
__Lintentry                               intentry      00000
__Lintret                                 intret        00000
__Lintsave_regs                           intsave_regs  00000
__Lirdata                                 irdata        00000
__Ljflash_buffer                          jflash_buffer 0F800
__Lmediumconst                            mediumconst   00000
__LnvFARRAM                               nvFARRAM      00000
__Lnvbit                                  nvbit         00000
__Lnvrram                                 nvrram        00000
__Lparam                                  rparam        00000
__Lpowerup                                powerup       00212
__Lram                                    ram           00000
__Lramtop                                 ramtop        00F00
__Lrbit                                   rbit          00000
__Lrbss                                   rbss          00000
__Lrdata                                  rdata         00000
__Lreset_vec                              reset_vec     00000
__Lrparam                                 rparam        00000
__Lsfr                                    sfr           00000
__Lsmallconst                             smallconst    00F00
__Lspace_0                                (abs)         00000
__Lspace_1                                (abs)         00000
__Lspace_2                                (abs)         00000
__Lstack                                  stack         00000
__Lstruct                                 struct        00000
__Ltemp                                   temp          0005D
__Ltext                                   text          00000
__Ltext0                                  text0         00000
__Ltext1                                  text1         00000
__Ltext10                                 text10        00000
__Ltext11                                 text11        00000
__Ltext12                                 text12        00000
__Ltext13                                 text13        00000
__Ltext14                                 text14        00000
__Ltext15                                 text15        00000
__Ltext16                                 text16        00000
__Ltext17                                 text17        00000
__Ltext18                                 text18        00000
__Ltext19                                 text19        00000
__Ltext2                                  text2         00000
__Ltext20                                 text20        00000
__Ltext21                                 text21        00000
__Ltext22                                 text22        00000
__Ltext23                                 text23        00000
__Ltext24                                 text24        00000
__Ltext25                                 text25        00000
__Ltext26                                 text26        00000
__Ltext27                                 text27        00000
__Ltext28                                 text28        00000
__Ltext29                                 text29        00000
__Ltext3                                  text3         00000
__Ltext30                                 text30        00000
__Ltext31                                 text31        00000
__Ltext32                                 text32        00000
__Ltext33                                 text33        00000
__Ltext34                                 text34        00000
__Ltext35                                 text35        00000
__Ltext36                                 text36        00000
__Ltext37                                 text37        00000
__Ltext38                                 text38        00000
__Ltext39                                 text39        00000
__Ltext4                                  text4         00000
__Ltext40                                 text40        00000
__Ltext41                                 text41        00000
__Ltext42                                 text42        00000
__Ltext43                                 text43        00000
__Ltext44                                 text44        00000
__Ltext45                                 text45        00000
__Ltext47                                 text47        00000
__Ltext48                                 text48        00000
__Ltext49                                 text49        00000
__Ltext5                                  text5         00000
__Ltext50                                 text50        00000
__Ltext51                                 text51        00000
__Ltext52                                 text52        00000
__Ltext53                                 text53        00000
__Ltext54                                 text54        00000
__Ltext55                                 text55        00000
__Ltext6                                  text6         00000
__Ltext7                                  text7         00000
__Ltext8                                  text8         00000
__Ltext9                                  text9         00000
__S0                                      (abs)         10000
__S1                                      (abs)         0038C
__S2                                      (abs)         00000
___inthi_sp                               stack         00000
___intlo_sp                               stack         00000
___lbmod                                  text36        04C4C
___lbmod@counter                          cstackBANK0   00062
___lbmod@dividend                         cstackBANK0   00061
___lbmod@divisor                          cstackBANK0   00060
___lbmod@rem                              cstackBANK0   00063
___lmul                                   text9         0499A
___lmul@multiplicand                      cstackBANK0   00064
___lmul@multiplier                        cstackBANK0   00060
___lmul@product                           cstackBANK0   00068
___param_bank                             (abs)         00000
___rparam_used                            (abs)         00001
___sp                                     stack         00000
__accesstop                               (abs)         00060
__activetblptr                            (abs)         00002
__end_of_AddNodeToNetworkTable            text38        040E2
__end_of_BroadcastJitter                  text35        0442A
__end_of_CleanScreen                      text44        04D56
__end_of_DELAY_ms                         text8         044BC
__end_of_I2CTask                          text53        04300
__end_of_I2CWrite                         text7         04CE8
__end_of_InitMRF24J40                     text26        03AD4
__end_of_InitSymbolTimer                  text12        04DB6
__end_of_LCD_Initialize                   text6         04756
__end_of_MiApp_DiscardMessage             text42        04DFA
__end_of_MiApp_EstablishConnection        text13        0387A
__end_of_MiApp_MessageAvailable           text18        04DC6
__end_of_MiApp_ProtocolInit               text10        04004
__end_of_MiApp_SearchConnection           text16        03EDC
__end_of_MiApp_SetChannel                 text17        04D04
__end_of_MiApp_UnicastAddress             text15        03144
__end_of_MiMAC_DiscardPacket              text43        04D3C
__end_of_MiMAC_Init                       text11        04B78
__end_of_MiMAC_ReceivedPacket             text34        02914
__end_of_MiMAC_SendPacket                 text24        0350E
__end_of_MiMAC_SetAltAddress              text25        04830
__end_of_MiMAC_SetChannel                 text30        04B34
__end_of_MiWiTasks                        text19        02292
__end_of_MiWi_TickGet                     text37        0499A
__end_of_OpenSocket                       text14        03D26
__end_of_PHYGetLongRAMAddr                text28        048E6
__end_of_PHYGetShortRAMAddr               text27        04C1C
__end_of_PHYSetLongRAMAddr                text32        04940
__end_of_PHYSetShortRAMAddr               text31        04C4C
__end_of_RouteMessage                     text21        02D6A
__end_of_SPIGet                           text29        04DDE
__end_of_SPIPut                           text33        04D20
__end_of_SYSTEM_Initialize                text5         045D0
__end_of_ScanTime                         smallconst    00F3D
__end_of_SearchForLongAddress             text41        04250
__end_of_SearchForShortAddress            text40        046DA
__end_of_SendBeacon                       text22        041A0
__end_of_SendMACPacket                    text23        04396
__end_of_UnicastShortAddress              text20        04658
__end_of_UserInterruptHandler             text52        04DA0
__end_of___lbmod                          text36        04C7A
__end_of___lmul                           text9         049F2
__end_of__initialization                  cinit         047BE
__end_of__uartPrint                       text4         04AE8
__end_of_dpowers                          smallconst    00F53
__end_of_findNextNetworkEntry             text39        04BB4
__end_of_hexpowers                        smallconst    00F5B
__end_of_high_isr                         intcode       00212
__end_of_main                             text0         0488C
__end_of_octpowers                        smallconst    00F49
__end_of_uartInitialize                   text3         04D88
__end_of_uartRead                         text1         04BEA
__end_of_uartWrite                        text45        04DD4
__end_of_vT100EraseEndOfLine              text2         04DFE
__end_ofi2_DELAY_ms                       text54        04548
__end_ofi2_PHYGetLongRAMAddr              text49        04A9A
__end_ofi2_PHYGetShortRAMAddr             text48        04CA4
__end_ofi2_PHYSetShortRAMAddr             text47        04CCC
__end_ofi2_SPIGet                         text50        04DE8
__end_ofi2_SPIPut                         text51        04D70
__end_ofi2___lmul                         text55        04A48
__initialization                          cinit         04756
__mediumconst                             mediumconst   00000
__pbssBANK1                               bssBANK1      00100
__pbssBANK2                               bssBANK2      00200
__pbssBANK3                               bssBANK3      00300
__pbssCOMRAM                              bssCOMRAM     0002F
__pcinit                                  cinit         04756
__pcstackBANK0                            cstackBANK0   00060
__pcstackBANK1                            cstackBANK1   001E5
__pcstackCOMRAM                           cstackCOMRAM  00001
__pdataBANK1                              dataBANK1     001F7
__pdataCOMRAM                             dataCOMRAM    0005B
__pidataBANK1                             idataBANK1    04DE8
__pidataCOMRAM                            idataCOMRAM   04DFA
__pintcode                                intcode       00008
__psmallconst                             smallconst    00F00
__ptext0                                  text0         04830
__ptext1                                  text1         04BB4
__ptext10                                 text10        03EDC
__ptext11                                 text11        04B34
__ptext12                                 text12        04DA0
__ptext13                                 text13        0350E
__ptext14                                 text14        03AD4
__ptext15                                 text15        02D6A
__ptext16                                 text16        03D26
__ptext17                                 text17        04CE8
__ptext18                                 text18        04DB6
__ptext19                                 text19        00FA6
__ptext2                                  text2         04DFC
__ptext20                                 text20        045D0
__ptext21                                 text21        02914
__ptext22                                 text22        040E2
__ptext23                                 text23        04300
__ptext24                                 text24        03144
__ptext25                                 text25        047CC
__ptext26                                 text26        0387A
__ptext27                                 text27        04BEA
__ptext28                                 text28        0488C
__ptext29                                 text29        04DD4
__ptext3                                  text3         04D70
__ptext30                                 text30        04AE8
__ptext31                                 text31        04C1C
__ptext32                                 text32        048E6
__ptext33                                 text33        04D04
__ptext34                                 text34        02292
__ptext35                                 text35        04396
__ptext36                                 text36        04C4C
__ptext37                                 text37        04940
__ptext38                                 text38        04004
__ptext39                                 text39        04B78
__ptext4                                  text4         04A9A
__ptext40                                 text40        04658
__ptext41                                 text41        041A0
__ptext42                                 text42        04DF2
__ptext43                                 text43        04D20
__ptext44                                 text44        04D3C
__ptext45                                 text45        04DC6
__ptext47                                 text47        04CA4
__ptext48                                 text48        04C7A
__ptext49                                 text49        04A48
__ptext5                                  text5         04548
__ptext50                                 text50        04DDE
__ptext51                                 text51        04D56
__ptext52                                 text52        04D88
__ptext53                                 text53        04250
__ptext54                                 text54        044BC
__ptext55                                 text55        049F2
__ptext6                                  text6         046DA
__ptext7                                  text7         04CCC
__ptext8                                  text8         0442A
__ptext9                                  text9         0499A
__ramtop                                  ramtop        00F00
__size_of_AddNodeToNetworkTable           (abs)         00000
__size_of_BroadcastJitter                 (abs)         00000
__size_of_CleanScreen                     (abs)         00000
__size_of_DELAY_ms                        (abs)         00000
__size_of_I2CTask                         (abs)         00000
__size_of_I2CWrite                        (abs)         00000
__size_of_InitMRF24J40                    (abs)         00000
__size_of_InitSymbolTimer                 (abs)         00000
__size_of_LCD_Initialize                  (abs)         00000
__size_of_MiApp_DiscardMessage            (abs)         00000
__size_of_MiApp_EstablishConnection       (abs)         00000
__size_of_MiApp_MessageAvailable          (abs)         00000
__size_of_MiApp_ProtocolInit              (abs)         00000
__size_of_MiApp_SearchConnection          (abs)         00000
__size_of_MiApp_SetChannel                (abs)         00000
__size_of_MiApp_UnicastAddress            (abs)         00000
__size_of_MiMAC_DiscardPacket             (abs)         00000
__size_of_MiMAC_Init                      (abs)         00000
__size_of_MiMAC_ReceivedPacket            (abs)         00000
__size_of_MiMAC_SendPacket                (abs)         00000
__size_of_MiMAC_SetAltAddress             (abs)         00000
__size_of_MiMAC_SetChannel                (abs)         00000
__size_of_MiWiTasks                       (abs)         00000
__size_of_MiWi_TickGet                    (abs)         00000
__size_of_OpenSocket                      (abs)         00000
__size_of_PHYGetLongRAMAddr               (abs)         00000
__size_of_PHYGetShortRAMAddr              (abs)         00000
__size_of_PHYSetLongRAMAddr               (abs)         00000
__size_of_PHYSetShortRAMAddr              (abs)         00000
__size_of_RouteMessage                    (abs)         00000
__size_of_SPIGet                          (abs)         00000
__size_of_SPIPut                          (abs)         00000
__size_of_SYSTEM_Initialize               (abs)         00000
__size_of_SearchForLongAddress            (abs)         00000
__size_of_SearchForShortAddress           (abs)         00000
__size_of_SendBeacon                      (abs)         00000
__size_of_SendMACPacket                   (abs)         00000
__size_of_UnicastShortAddress             (abs)         00000
__size_of_UserInterruptHandler            (abs)         00000
__size_of___lbmod                         (abs)         00000
__size_of___lmul                          (abs)         00000
__size_of__uartPrint                      (abs)         00000
__size_of_findNextNetworkEntry            (abs)         00000
__size_of_high_isr                        (abs)         00000
__size_of_main                            (abs)         00000
__size_of_uartInitialize                  (abs)         00000
__size_of_uartRead                        (abs)         00000
__size_of_uartWrite                       (abs)         00000
__size_of_vT100EraseEndOfLine             (abs)         00000
__size_ofi2_DELAY_ms                      (abs)         00000
__size_ofi2_PHYGetLongRAMAddr             (abs)         00000
__size_ofi2_PHYGetShortRAMAddr            (abs)         00000
__size_ofi2_PHYSetShortRAMAddr            (abs)         00000
__size_ofi2_SPIGet                        (abs)         00000
__size_ofi2_SPIPut                        (abs)         00000
__size_ofi2___lmul                        (abs)         00000
__smallconst                              smallconst    00F00
__uartPrint                               text4         04A9A
__uartPrint@i                             cstackBANK0   00065
__uartPrint@str                           cstackBANK0   00061
_currentChannel                           bssCOMRAM     0005A
_defaultHops                              dataCOMRAM    0005C
_dpowers                                  smallconst    00F49
_failureCounter                           bssBANK1      00131
_findNextNetworkEntry                     text39        04B78
_hexpowers                                smallconst    00F53
_high_isr                                 intcode       00008
_knownCoordinators                        bssBANK1      00137
_main                                     text0         04830
_myLongAddress                            dataBANK1     001F8
_myNetworkAddress                         bssCOMRAM     00050
_myPANID                                  bssCOMRAM     00054
_myParent                                 bssCOMRAM     00046
_myShortAddress                           bssCOMRAM     00056
_octpowers                                smallconst    00F3D
_openSocketInfo                           bssBANK1      001C9
_role                                     bssCOMRAM     00044
_rxMessage                                bssBANK1      00100
_switch0PressTime                         bssBANK1      0012A
_switch1PressTime                         bssBANK1      00126
_tempLongAddress                          bssBANK1      0011A
_tempNodeStatus                           bssCOMRAM     00048
_tempPANID                                bssBANK1      001E3
_tempShortAddress                         bssCOMRAM     00058
_timerExtension1                          bssCOMRAM     0004B
_timerExtension2                          bssBANK1      0013A
_uartInitialize                           text3         04D70
_uartRead                                 text1         04BB4
_uartWrite                                text45        04DC6
_vT100EraseEndOfLine                      text2         04DFC
btemp                                     temp          0005D
end_of_initialization                     cinit         047BE
findNextNetworkEntry@i                    cstackBANK0   00060
high_isr@RxBank                           cstackCOMRAM  0002D
high_isr@flags                            cstackCOMRAM  0002B
high_isr@i                                cstackCOMRAM  0002E
high_isr@results                          cstackCOMRAM  0002A
i2DELAY_ms@cyclesRequiredForEntireDelay   cstackCOMRAM  0000F
i2DELAY_ms@ms                             cstackCOMRAM  0000D
i2PHYGetLongRAMAddr@address               cstackCOMRAM  00003
i2PHYGetLongRAMAddr@tmpRFIE               cstackCOMRAM  00008
i2PHYGetLongRAMAddr@toReturn              cstackCOMRAM  00007
i2PHYGetShortRAMAddr@address              cstackCOMRAM  00003
i2PHYGetShortRAMAddr@tmpRFIE              cstackCOMRAM  00005
i2PHYGetShortRAMAddr@toReturn             cstackCOMRAM  00004
i2PHYSetShortRAMAddr@address              cstackCOMRAM  00004
i2PHYSetShortRAMAddr@tmpRFIE              cstackCOMRAM  00005
i2PHYSetShortRAMAddr@value                cstackCOMRAM  00003
i2SPIPut@i                                cstackCOMRAM  00001
i2SPIPut@v                                cstackCOMRAM  00002
i2_DELAY_ms                               text54        044BC
i2_PHYGetLongRAMAddr                      text49        04A48
i2_PHYGetShortRAMAddr                     text48        04C7A
i2_PHYSetShortRAMAddr                     text47        04CA4
i2_SPIGet                                 text50        04DDE
i2_SPIPut                                 text51        04D56
i2___lmul                                 text55        049F2
i2___lmul@multiplicand                    cstackCOMRAM  00005
i2___lmul@multiplier                      cstackCOMRAM  00001
i2___lmul@product                         cstackCOMRAM  00009
int$flags                                 temp          0005D
intlevel0                                 text          00000
intlevel1                                 text          00000
intlevel2                                 text          00000
intlevel3                                 text          00000
main@nbPan                                cstackBANK0   000FA
stackhi                                   (abs)         00EBF
stacklo                                   (abs)         0038C
start                                     init          00212
start_initialization                      cinit         04756
uartRead@val                              cstackBANK0   00061
uartWrite@c                               cstackBANK0   00060
wtemp6                                    temp          0005E


FUNCTION INFORMATION:

 *************** function _main *****************
 Defined at:
		line 42 in file "8bitswdk_pic18f46j50_24j40/firmware/src/main.c"
 Parameters:    Size  Location     Type
		None
 Auto vars:     Size  Location     Type
  nbPan           1  154[BANK0 ] unsigned char 
 Return value:  Size  Location     Type
                  1    wreg      void 
 Registers used:
		wreg, fsr0l, fsr0h, fsr1l, fsr1h, fsr2l, fsr2h, status,2, status,0, tblptrl, tblptrh, tblptru, prodl, prodh, cstack
 Tracked objects:
		On entry : 
		On exit  : 
		Unchanged: 
 Data sizes:     COMRAM   BANK0   BANK1   BANK2   BANK3   BANK4   BANK5   BANK6   BANK7   BANK8   BANK9  BANK10  BANK11  BANK12  BANK13  BANK14
      Params:         0       0       0       0       0       0       0       0       0       0       0       0       0       0       0       0
      Locals:         0       1       0       0       0       0       0       0       0       0       0       0       0       0       0       0
      Temps:          0       0       0       0       0       0       0       0       0       0       0       0       0       0       0       0
      Totals:         0       1       0       0       0       0       0       0       0       0       0       0       0       0       0       0
Total ram usage:        1 bytes
 Hardware stack levels required when called:   19
 This function calls:
		_CleanScreen
		_MiApp_EstablishConnection
		_MiApp_ProtocolInit
		_MiApp_SearchConnection
		_MiApp_SetChannel
		_SYSTEM_Initialize
		__uartPrint
		_uartInitialize
		_uartRead
 This function is called by:
		Startup code after reset
 This function uses a non-reentrant model


 *************** function _uartRead *****************
 Defined at:
		line 49 in file "8bitswdk_pic18f46j50_24j40/firmware/src/VT100.c"
 Parameters:    Size  Location     Type
		None
 Auto vars:     Size  Location     Type
  val             1    1[BANK0 ] unsigned char 
 Return value:  Size  Location     Type
                  1    wreg      unsigned char 
 Registers used:
		wreg, status,2, status,0, cstack
 Tracked objects:
		On entry : 
		On exit  : 
		Unchanged: 
 Data sizes:     COMRAM   BANK0   BANK1   BANK2   BANK3   BANK4   BANK5   BANK6   BANK7   BANK8   BANK9  BANK10  BANK11  BANK12  BANK13  BANK14
      Params:         0       0       0       0       0       0       0       0       0       0       0       0       0       0       0       0
      Locals:         0       1       0       0       0       0       0       0       0       0       0       0       0       0       0       0
      Temps:          0       0       0       0       0       0       0       0       0       0       0       0       0       0       0       0
      Totals:         0       1       0       0       0       0       0       0       0       0       0       0       0       0       0       0
Total ram usage:        1 bytes
 Hardware stack levels used:    1
 Hardware stack levels required when called:    6
 This function calls:
		_uartWrite
		_vT100EraseEndOfLine
 This function is called by:
		_main
 This function uses a non-reentrant model


 *************** function _vT100EraseEndOfLine *****************
 Defined at:
		line 147 in file "8bitswdk_pic18f46j50_24j40/firmware/src/VT100.c"
 Parameters:    Size  Location     Type
		None
 Auto vars:     Size  Location     Type
		None
 Return value:  Size  Location     Type
                  1    wreg      void 
 Registers used:
		None
 Tracked objects:
		On entry : 
		On exit  : 
		Unchanged: 
 Data sizes:     COMRAM   BANK0   BANK1   BANK2   BANK3   BANK4   BANK5   BANK6   BANK7   BANK8   BANK9  BANK10  BANK11  BANK12  BANK13  BANK14
      Params:         0       0       0       0       0       0       0       0       0       0       0       0       0       0       0       0
      Locals:         0       0       0       0       0       0       0       0       0       0       0       0       0       0       0       0
      Temps:          0       0       0       0       0       0       0       0       0       0       0       0       0       0       0       0
      Totals:         0       0       0       0       0       0       0       0       0       0       0       0       0       0       0       0
Total ram usage:        0 bytes
 Hardware stack levels used:    1
 Hardware stack levels required when called:    5
 This function calls:
		Nothing
 This function is called by:
		_uartRead
 This function uses a non-reentrant model


 *************** function _uartInitialize *****************
 Defined at:
		line 28 in file "8bitswdk_pic18f46j50_24j40/firmware/src/VT100.c"
 Parameters:    Size  Location     Type
		None
 Auto vars:     Size  Location     Type
		None
 Return value:  Size  Location     Type
                  1    wreg      void 
 Registers used:
		wreg, status,2
 Tracked objects:
		On entry : 
		On exit  : 
		Unchanged: 
 Data sizes:     COMRAM   BANK0   BANK1   BANK2   BANK3   BANK4   BANK5   BANK6   BANK7   BANK8   BANK9  BANK10  BANK11  BANK12  BANK13  BANK14
      Params:         0       0       0       0       0       0       0       0       0       0       0       0       0       0       0       0
      Locals:         0       0       0       0       0       0       0       0       0       0       0       0       0       0       0       0
      Temps:          0       0       0       0       0       0       0       0       0       0       0       0       0       0       0       0
      Totals:         0       0       0       0       0       0       0       0       0       0       0       0       0       0       0       0
Total ram usage:        0 bytes
 Hardware stack levels used:    1
 Hardware stack levels required when called:    5
 This function calls:
		Nothing
 This function is called by:
		_main
 This function uses a non-reentrant model


 *************** function __uartPrint *****************
 Defined at:
		line 75 in file "8bitswdk_pic18f46j50_24j40/firmware/src/VT100.c"
 Parameters:    Size  Location     Type
  str             2    1[BANK0 ] PTR unsigned char 
		 -> STR_3(5), 
 Auto vars:     Size  Location     Type
  i               2    5[BANK0 ] int 
 Return value:  Size  Location     Type
                  1    wreg      void 
 Registers used:
		wreg, status,2, status,0, tblptrl, tblptrh, tblptru, cstack
 Tracked objects:
		On entry : 
		On exit  : 
		Unchanged: 
 Data sizes:     COMRAM   BANK0   BANK1   BANK2   BANK3   BANK4   BANK5   BANK6   BANK7   BANK8   BANK9  BANK10  BANK11  BANK12  BANK13  BANK14
      Params:         0       2       0       0       0       0       0       0       0       0       0       0       0       0       0       0
      Locals:         0       2       0       0       0       0       0       0       0       0       0       0       0       0       0       0
      Temps:          0       2       0       0       0       0       0       0       0       0       0       0       0       0       0       0
      Totals:         0       6       0       0       0       0       0       0       0       0       0       0       0       0       0       0
Total ram usage:        6 bytes
 Hardware stack levels used:    1
 Hardware stack levels required when called:    6
 This function calls:
		_uartWrite
 This function is called by:
		_main
 This function uses a non-reentrant model


 *************** function _SYSTEM_Initialize *****************
 Defined at:
		line 60 in file "8bitswdk_pic18f46j50_24j40/firmware/src/system_config/8bitwdk_pic18f46j50_24j40/system.c"
 Parameters:    Size  Location     Type
		None
 Auto vars:     Size  Location     Type
		None
 Return value:  Size  Location     Type
                  1    wreg      void 
 Registers used:
		wreg, status,2, status,0, cstack
 Tracked objects:
		On entry : 
		On exit  : 
		Unchanged: 
 Data sizes:     COMRAM   BANK0   BANK1   BANK2   BANK3   BANK4   BANK5   BANK6   BANK7   BANK8   BANK9  BANK10  BANK11  BANK12  BANK13  BANK14
      Params:         0       0       0       0       0       0       0       0       0       0       0       0       0       0       0       0
      Locals:         0       0       0       0       0       0       0       0       0       0       0       0       0       0       0       0
      Temps:          0       0       0       0       0       0       0       0       0       0       0       0       0       0       0       0
      Totals:         0       0       0       0       0       0       0       0       0       0       0       0       0       0       0       0
Total ram usage:        0 bytes
 Hardware stack levels used:    1
 Hardware stack levels required when called:    8
 This function calls:
		_LCD_Initialize
 This function is called by:
		_main
 This function uses a non-reentrant model


 *************** function _LCD_Initialize *****************
 Defined at:
		line 149 in file "8bitswdk_pic18f46j50_24j40/firmware/src/system_config/8bitwdk_pic18f46j50_24j40/lcd.c"
 Parameters:    Size  Location     Type
		None
 Auto vars:     Size  Location     Type
		None
 Return value:  Size  Location     Type
                  1    wreg      void 
 Registers used:
		wreg, status,2, status,0, cstack
 Tracked objects:
		On entry : 
		On exit  : 
		Unchanged: 
 Data sizes:     COMRAM   BANK0   BANK1   BANK2   BANK3   BANK4   BANK5   BANK6   BANK7   BANK8   BANK9  BANK10  BANK11  BANK12  BANK13  BANK14
      Params:         0       0       0       0       0       0       0       0       0       0       0       0       0       0       0       0
      Locals:         0       0       0       0       0       0       0       0       0       0       0       0       0       0       0       0
      Temps:          0       0       0       0       0       0       0       0       0       0       0       0       0       0       0       0
      Totals:         0       0       0       0       0       0       0       0       0       0       0       0       0       0       0       0
Total ram usage:        0 bytes
 Hardware stack levels used:    1
 Hardware stack levels required when called:    7
 This function calls:
		_DELAY_ms
		_I2CWrite
 This function is called by:
		_SYSTEM_Initialize
 This function uses a non-reentrant model


 *************** function _I2CWrite *****************
 Defined at:
		line 123 in file "8bitswdk_pic18f46j50_24j40/firmware/src/system_config/8bitwdk_pic18f46j50_24j40/lcd.c"
 Parameters:    Size  Location     Type
  Commandlen      1    wreg     unsigned char 
  BufferLen       1    0[BANK0 ] unsigned char 
[...]
      Params:         0       0       0       0       0       0       0       0       0       0       0       0       0       0       0       0
      Locals:         5       0       0       0       0       0       0       0       0       0       0       0       0       0       0       0
      Temps:         23       0       0       0       0       0       0       0       0       0       0       0       0       0       0       0
      Totals:        28       0       0       0       0       0       0       0       0       0       0       0       0       0       0       0
Total ram usage:       28 bytes
 Hardware stack levels used:    1
 Hardware stack levels required when called:    4
 This function calls:
		_UserInterruptHandler
		i2_PHYGetLongRAMAddr
		i2_PHYGetShortRAMAddr
		i2_PHYSetShortRAMAddr
 This function is called by:
		Interrupt level 2
 This function uses a non-reentrant model


 *************** function i2_PHYSetShortRAMAddr *****************
 Defined at:
		line 124 in file "../MLA/framework/driver/mrf_miwi/src/drv_mrf_miwi_24j40.c"
 Parameters:    Size  Location     Type
  address         1    wreg     unsigned char 
  value           1    2[COMRAM] unsigned char 
 Auto vars:     Size  Location     Type
  address         1    3[COMRAM] unsigned char 
  PHYSetShortR    1    4[COMRAM] volatile unsigned char 
 Return value:  Size  Location     Type
                  1    wreg      void 
 Registers used:
		wreg, status,2, cstack
 Tracked objects:
		On entry : 
		On exit  : 
		Unchanged: 
 Data sizes:     COMRAM   BANK0   BANK1   BANK2   BANK3   BANK4   BANK5   BANK6   BANK7   BANK8   BANK9  BANK10  BANK11  BANK12  BANK13  BANK14
      Params:         1       0       0       0       0       0       0       0       0       0       0       0       0       0       0       0
      Locals:         2       0       0       0       0       0       0       0       0       0       0       0       0       0       0       0
      Temps:          0       0       0       0       0       0       0       0       0       0       0       0       0       0       0       0
      Totals:         3       0       0       0       0       0       0       0       0       0       0       0       0       0       0       0
Total ram usage:        3 bytes
 Hardware stack levels used:    1
 Hardware stack levels required when called:    1
 This function calls:
		i2_SPIPut
 This function is called by:
		_high_isr
 This function uses a non-reentrant model


 *************** function i2_PHYGetShortRAMAddr *****************
 Defined at:
		line 154 in file "../MLA/framework/driver/mrf_miwi/src/drv_mrf_miwi_24j40.c"
 Parameters:    Size  Location     Type
  address         1    wreg     unsigned char 
 Auto vars:     Size  Location     Type
  address         1    2[COMRAM] unsigned char 
  PHYGetShortR    1    4[COMRAM] volatile unsigned char 
  PHYGetShortR    1    3[COMRAM] unsigned char 
 Return value:  Size  Location     Type
                  1    wreg      unsigned char 
 Registers used:
		wreg, status,2, cstack
 Tracked objects:
		On entry : 
		On exit  : 
		Unchanged: 
 Data sizes:     COMRAM   BANK0   BANK1   BANK2   BANK3   BANK4   BANK5   BANK6   BANK7   BANK8   BANK9  BANK10  BANK11  BANK12  BANK13  BANK14
      Params:         0       0       0       0       0       0       0       0       0       0       0       0       0       0       0       0
      Locals:         3       0       0       0       0       0       0       0       0       0       0       0       0       0       0       0
      Temps:          0       0       0       0       0       0       0       0       0       0       0       0       0       0       0       0
      Totals:         3       0       0       0       0       0       0       0       0       0       0       0       0       0       0       0
Total ram usage:        3 bytes
 Hardware stack levels used:    1
 Hardware stack levels required when called:    2
 This function calls:
		i2_SPIGet
		i2_SPIPut
 This function is called by:
		_high_isr
 This function uses a non-reentrant model


 *************** function i2_PHYGetLongRAMAddr *****************
 Defined at:
		line 185 in file "../MLA/framework/driver/mrf_miwi/src/drv_mrf_miwi_24j40.c"
 Parameters:    Size  Location     Type
  address         2    2[COMRAM] unsigned int 
 Auto vars:     Size  Location     Type
  PHYGetLongRA    1    7[COMRAM] volatile unsigned char 
  PHYGetLongRA    1    6[COMRAM] unsigned char 
 Return value:  Size  Location     Type
                  1    wreg      unsigned char 
 Registers used:
		wreg, status,2, status,0, cstack
 Tracked objects:
		On entry : 
		On exit  : 
		Unchanged: 
 Data sizes:     COMRAM   BANK0   BANK1   BANK2   BANK3   BANK4   BANK5   BANK6   BANK7   BANK8   BANK9  BANK10  BANK11  BANK12  BANK13  BANK14
      Params:         2       0       0       0       0       0       0       0       0       0       0       0       0       0       0       0
      Locals:         2       0       0       0       0       0       0       0       0       0       0       0       0       0       0       0
      Temps:          2       0       0       0       0       0       0       0       0       0       0       0       0       0       0       0
      Totals:         6       0       0       0       0       0       0       0       0       0       0       0       0       0       0       0
Total ram usage:        6 bytes
 Hardware stack levels used:    1
 Hardware stack levels required when called:    2
 This function calls:
		i2_SPIGet
		i2_SPIPut
 This function is called by:
		_high_isr
 This function uses a non-reentrant model


 *************** function i2_SPIGet *****************
 Defined at:
		line 102 in file "8bitswdk_pic18f46j50_24j40/firmware/src/system_config/8bitwdk_pic18f46j50_24j40/spi.c"
 Parameters:    Size  Location     Type
		None
 Auto vars:     Size  Location     Type
		None
 Return value:  Size  Location     Type
                  1    wreg      unsigned char 
 Registers used:
		wreg, status,2, cstack
 Tracked objects:
		On entry : 
		On exit  : 
		Unchanged: 
 Data sizes:     COMRAM   BANK0   BANK1   BANK2   BANK3   BANK4   BANK5   BANK6   BANK7   BANK8   BANK9  BANK10  BANK11  BANK12  BANK13  BANK14
      Params:         0       0       0       0       0       0       0       0       0       0       0       0       0       0       0       0
      Locals:         0       0       0       0       0       0       0       0       0       0       0       0       0       0       0       0
      Temps:          0       0       0       0       0       0       0       0       0       0       0       0       0       0       0       0
      Totals:         0       0       0       0       0       0       0       0       0       0       0       0       0       0       0       0
Total ram usage:        0 bytes
 Hardware stack levels used:    1
 Hardware stack levels required when called:    1
 This function calls:
		i2_SPIPut
 This function is called by:
		i2_PHYGetShortRAMAddr
		i2_PHYGetLongRAMAddr
 This function uses a non-reentrant model


 *************** function i2_SPIPut *****************
 Defined at:
		line 45 in file "8bitswdk_pic18f46j50_24j40/firmware/src/system_config/8bitwdk_pic18f46j50_24j40/spi.c"
 Parameters:    Size  Location     Type
  v               1    wreg     unsigned char 
 Auto vars:     Size  Location     Type
  v               1    1[COMRAM] unsigned char 
  SPIPut          1    0[COMRAM] unsigned char 
 Return value:  Size  Location     Type
                  1    wreg      void 
 Registers used:
		wreg
 Tracked objects:
		On entry : 
		On exit  : 
		Unchanged: 
 Data sizes:     COMRAM   BANK0   BANK1   BANK2   BANK3   BANK4   BANK5   BANK6   BANK7   BANK8   BANK9  BANK10  BANK11  BANK12  BANK13  BANK14
      Params:         0       0       0       0       0       0       0       0       0       0       0       0       0       0       0       0
      Locals:         2       0       0       0       0       0       0       0       0       0       0       0       0       0       0       0
      Temps:          0       0       0       0       0       0       0       0       0       0       0       0       0       0       0       0
      Totals:         2       0       0       0       0       0       0       0       0       0       0       0       0       0       0       0
Total ram usage:        2 bytes
 Hardware stack levels used:    1
 This function calls:
		Nothing
 This function is called by:
		i2_SPIGet
		i2_PHYSetShortRAMAddr
		i2_PHYGetShortRAMAddr
		i2_PHYGetLongRAMAddr
 This function uses a non-reentrant model


 *************** function _UserInterruptHandler *****************
 Defined at:
		line 345 in file "8bitswdk_pic18f46j50_24j40/firmware/src/system_config/8bitwdk_pic18f46j50_24j40/lcd.c"
 Parameters:    Size  Location     Type
		None
 Auto vars:     Size  Location     Type
		None
 Return value:  Size  Location     Type
                  1    wreg      void 
 Registers used:
		wreg, fsr2l, fsr2h, status,2, status,0, prodl, prodh, cstack
 Tracked objects:
		On entry : 
		On exit  : 
		Unchanged: 
 Data sizes:     COMRAM   BANK0   BANK1   BANK2   BANK3   BANK4   BANK5   BANK6   BANK7   BANK8   BANK9  BANK10  BANK11  BANK12  BANK13  BANK14
      Params:         0       0       0       0       0       0       0       0       0       0       0       0       0       0       0       0
      Locals:         0       0       0       0       0       0       0       0       0       0       0       0       0       0       0       0
      Temps:          0       0       0       0       0       0       0       0       0       0       0       0       0       0       0       0
      Totals:         0       0       0       0       0       0       0       0       0       0       0       0       0       0       0       0
Total ram usage:        0 bytes
 Hardware stack levels used:    1
 Hardware stack levels required when called:    3
 This function calls:
		_I2CTask
		i2_DELAY_ms
 This function is called by:
		_high_isr
 This function uses a non-reentrant model


 *************** function _I2CTask *****************
 Defined at:
		line 65 in file "8bitswdk_pic18f46j50_24j40/firmware/src/system_config/8bitwdk_pic18f46j50_24j40/lcd.c"
 Parameters:    Size  Location     Type
		None
 Auto vars:     Size  Location     Type
		None
 Return value:  Size  Location     Type
                  1    wreg      void 
 Registers used:
		wreg, fsr2l, fsr2h, status,2, status,0, prodl, prodh, cstack
 Tracked objects:
		On entry : 
		On exit  : 
		Unchanged: 
 Data sizes:     COMRAM   BANK0   BANK1   BANK2   BANK3   BANK4   BANK5   BANK6   BANK7   BANK8   BANK9  BANK10  BANK11  BANK12  BANK13  BANK14
      Params:         0       0       0       0       0       0       0       0       0       0       0       0       0       0       0       0
      Locals:         0       0       0       0       0       0       0       0       0       0       0       0       0       0       0       0
      Temps:          0       0       0       0       0       0       0       0       0       0       0       0       0       0       0       0
      Totals:         0       0       0       0       0       0       0       0       0       0       0       0       0       0       0       0
Total ram usage:        0 bytes
 Hardware stack levels used:    1
 Hardware stack levels required when called:    2
 This function calls:
		i2_DELAY_ms
 This function is called by:
		_UserInterruptHandler
 This function uses a non-reentrant model


 *************** function i2_DELAY_ms *****************
 Defined at:
		line 108 in file "8bitswdk_pic18f46j50_24j40/firmware/src/system_config/8bitwdk_pic18f46j50_24j40/delay.c"
 Parameters:    Size  Location     Type
  ms              2   12[COMRAM] unsigned int 
 Auto vars:     Size  Location     Type
  DELAY_ms        4   14[COMRAM] long 
 Return value:  Size  Location     Type
                  1    wreg      void 
 Registers used:
		wreg, status,2, status,0, cstack
 Tracked objects:
		On entry : 
		On exit  : 
		Unchanged: 
 Data sizes:     COMRAM   BANK0   BANK1   BANK2   BANK3   BANK4   BANK5   BANK6   BANK7   BANK8   BANK9  BANK10  BANK11  BANK12  BANK13  BANK14
      Params:         2       0       0       0       0       0       0       0       0       0       0       0       0       0       0       0
      Locals:         4       0       0       0       0       0       0       0       0       0       0       0       0       0       0       0
      Temps:          0       0       0       0       0       0       0       0       0       0       0       0       0       0       0       0
      Totals:         6       0       0       0       0       0       0       0       0       0       0       0       0       0       0       0
Total ram usage:        6 bytes
 Hardware stack levels used:    1
 Hardware stack levels required when called:    1
 This function calls:
		i2___lmul
 This function is called by:
		_I2CTask
		_UserInterruptHandler
 This function uses a non-reentrant model


 *************** function i2___lmul *****************
 Defined at:
		line 15 in file "C:\Program Files (x86)\Microchip\xc8\v1.45\sources\common\Umul32.c"
 Parameters:    Size  Location     Type
  multiplier      4    0[COMRAM] unsigned long 
  multiplicand    4    4[COMRAM] unsigned long 
 Auto vars:     Size  Location     Type
  __lmul          4    8[COMRAM] unsigned long 
 Return value:  Size  Location     Type
                  4    0[COMRAM] unsigned long 
 Registers used:
		wreg, status,2, status,0
 Tracked objects:
		On entry : 
		On exit  : 
		Unchanged: 
 Data sizes:     COMRAM   BANK0   BANK1   BANK2   BANK3   BANK4   BANK5   BANK6   BANK7   BANK8   BANK9  BANK10  BANK11  BANK12  BANK13  BANK14
      Params:         8       0       0       0       0       0       0       0       0       0       0       0       0       0       0       0
      Locals:         4       0       0       0       0       0       0       0       0       0       0       0       0       0       0       0
      Temps:          0       0       0       0       0       0       0       0       0       0       0       0       0       0       0       0
      Totals:        12       0       0       0       0       0       0       0       0       0       0       0       0       0       0       0
Total ram usage:       12 bytes
 Hardware stack levels used:    1
 This function calls:
		Nothing
 This function is called by:
		i2_DELAY_ms
 This function uses a non-reentrant model



MODULE INFORMATION

Module		Function		Class		Link	Load	Size
8bitswdk_pic18f46j50_24j40/firmware/src/system_config/8bitwdk_pic18f46j50_24j40/delay.c
		_DELAY_ms      		CODE           	442A	0000	147

8bitswdk_pic18f46j50_24j40/firmware/src/system_config/8bitwdk_pic18f46j50_24j40/delay.c estimated size: 147

../MLA/framework/driver/mrf_miwi/src/drv_mrf_miwi_24j40.c
		_PHYGetLongRAMAddr		CODE           	488C	0000	91
		_PHYSetLongRAMAddr		CODE           	48E6	0000	91
		_PHYGetShortRAMAddr		CODE           	4BEA	0000	51
		_PHYSetShortRAMAddr		CODE           	4C1C	0000	49
		_InitMRF24J40  		CODE           	387A	0000	603
		_MiMAC_ReceivedPacket		CODE           	2292	0000	1667
		_MiMAC_DiscardPacket		CODE           	4D20	0000	29
		_high_isr      		CODE           	0008	0000	523
		_MiMAC_SetChannel		CODE           	4AE8	0000	77
		_MiMAC_Init    		CODE           	4B34	0000	69
		_MiMAC_SendPacket		CODE           	3144	0000	971
		_MiMAC_SetAltAddress		CODE           	47CC	0000	101

../MLA/framework/driver/mrf_miwi/src/drv_mrf_miwi_24j40.c estimated size: 4322

8bitswdk_pic18f46j50_24j40/firmware/src/system_config/8bitwdk_pic18f46j50_24j40/symbol.c
		_InitSymbolTimer		CODE           	4DA0	0000	23
		_MiWi_TickGet  		CODE           	4940	0000	91

8bitswdk_pic18f46j50_24j40/firmware/src/system_config/8bitwdk_pic18f46j50_24j40/symbol.c estimated size: 114

8bitswdk_pic18f46j50_24j40/firmware/src/VT100.c
		_uartInitialize		CODE           	4D70	0000	25
		_CleanScreen   		CODE           	4D3C	0000	27
		__uartPrint    		CODE           	4A9A	0000	79
		_vT100EraseEndOfLine		CODE           	4DFC	0000	3
		_uartWrite     		CODE           	4DC6	0000	15
		_uartRead      		CODE           	4BB4	0000	55

8bitswdk_pic18f46j50_24j40/firmware/src/VT100.c estimated size: 204

C:\Program Files (x86)\Microchip\xc8\v1.45\sources\common\Umul32.c
		___lmul        		CODE           	499A	0000	89

C:\Program Files (x86)\Microchip\xc8\v1.45\sources\common\Umul32.c estimated size: 89

shared
		i2_DELAY_ms    		CODE           	44BC	0000	141
		_dpowers       		SMALLCONST     	0F49	0000	11
		_ScanTime      		SMALLCONST     	0F01	0000	61
		i2_PHYGetShortRAMAddr		CODE           	4C7A	0000	43
		i2_PHYGetLongRAMAddr		CODE           	4A48	0000	83
		i2_PHYSetShortRAMAddr		CODE           	4CA4	0000	41
		__initialization		CODE           	4756	0000	105
		i2___lmul      		CODE           	49F2	0000	87
		_octpowers     		SMALLCONST     	0F3D	0000	13
		i2_SPIGet      		CODE           	4DDE	0000	11
		_hexpowers     		SMALLCONST     	0F53	0000	9
		i2_SPIPut      		CODE           	4D56	0000	27

shared estimated size: 632

8bitswdk_pic18f46j50_24j40/firmware/src/system_config/8bitwdk_pic18f46j50_24j40/system.c
		_SYSTEM_Initialize		CODE           	4548	0000	137

8bitswdk_pic18f46j50_24j40/firmware/src/system_config/8bitwdk_pic18f46j50_24j40/system.c estimated size: 137

8bitswdk_pic18f46j50_24j40/firmware/src/system_config/8bitwdk_pic18f46j50_24j40/spi.c
		_SPIGet        		CODE           	4DD4	0000	11
		_SPIPut        		CODE           	4D04	0000	29

8bitswdk_pic18f46j50_24j40/firmware/src/system_config/8bitwdk_pic18f46j50_24j40/spi.c estimated size: 40

C:\Program Files (x86)\Microchip\xc8\v1.45\sources\common\lbmod.c
		___lbmod       		CODE           	4C4C	0000	47

C:\Program Files (x86)\Microchip\xc8\v1.45\sources\common\lbmod.c estimated size: 47

8bitswdk_pic18f46j50_24j40/firmware/src/main.c
		_main          		CODE           	4830	0000	93

8bitswdk_pic18f46j50_24j40/firmware/src/main.c estimated size: 93

8bitswdk_pic18f46j50_24j40/firmware/src/system_config/8bitwdk_pic18f46j50_24j40/lcd.c
		_LCD_Initialize		CODE           	46DA	0000	125
		_UserInterruptHandler		CODE           	4D88	0000	25
		_I2CWrite      		CODE           	4CCC	0000	29
		_I2CTask       		CODE           	4250	0000	177

8bitswdk_pic18f46j50_24j40/firmware/src/system_config/8bitwdk_pic18f46j50_24j40/lcd.c estimated size: 356

../MLA/framework/miwi/src/miwi_mesh.c
		_UnicastShortAddress		CODE           	45D0	0000	137
		_MiApp_EstablishConnection		CODE           	350E	0000	877
		_MiApp_ProtocolInit		CODE           	3EDC	0000	297
		_MiApp_UnicastAddress		CODE           	2D6A	0000	987
		_SendMACPacket 		CODE           	4300	0000	151
		_SendBeacon    		CODE           	40E2	0000	191
		_SearchForLongAddress		CODE           	41A0	0000	177
		_findNextNetworkEntry		CODE           	4B78	0000	61
		_SearchForShortAddress		CODE           	4658	0000	131
		_OpenSocket    		CODE           	3AD4	0000	595
		_RouteMessage  		CODE           	2914	0000	1111
		_MiApp_SetChannel		CODE           	4CE8	0000	29
		_MiWiTasks     		CODE           	0FA6	0000	4845
		_MiApp_DiscardMessage		CODE           	4DF2	0000	9
		_BroadcastJitter		CODE           	4396	0000	149
		_MiApp_MessageAvailable		CODE           	4DB6	0000	17
		_MiApp_SearchConnection		CODE           	3D26	0000	439
		_AddNodeToNetworkTable		CODE           	4004	0000	223

../MLA/framework/miwi/src/miwi_mesh.c estimated size: 10426

